Component: ARM Compiler 5.06 update 2 (build 183) Tool: armlink [4d35b7]

==============================================================================

Section Cross References

    startup_stm32f10x_md.o(STACK) refers (Special) to heapauxi.o(.text) for __use_two_region_memory
    startup_stm32f10x_md.o(HEAP) refers (Special) to heapauxi.o(.text) for __use_two_region_memory
    startup_stm32f10x_md.o(RESET) refers (Special) to heapauxi.o(.text) for __use_two_region_memory
    startup_stm32f10x_md.o(RESET) refers to startup_stm32f10x_md.o(STACK) for __initial_sp
    startup_stm32f10x_md.o(RESET) refers to startup_stm32f10x_md.o(.text) for Reset_Handler
    startup_stm32f10x_md.o(RESET) refers to stm32f10x_it.o(i.NMI_Handler) for NMI_Handler
    startup_stm32f10x_md.o(RESET) refers to stm32f10x_it.o(i.HardFault_Handler) for HardFault_Handler
    startup_stm32f10x_md.o(RESET) refers to stm32f10x_it.o(i.MemManage_Handler) for MemManage_Handler
    startup_stm32f10x_md.o(RESET) refers to stm32f10x_it.o(i.BusFault_Handler) for BusFault_Handler
    startup_stm32f10x_md.o(RESET) refers to stm32f10x_it.o(i.UsageFault_Handler) for UsageFault_Handler
    startup_stm32f10x_md.o(RESET) refers to port.o(.emb_text) for SVC_Handler
    startup_stm32f10x_md.o(RESET) refers to stm32f10x_it.o(i.DebugMon_Handler) for DebugMon_Handler
    startup_stm32f10x_md.o(RESET) refers to port.o(i.SysTick_Handler) for SysTick_Handler
    startup_stm32f10x_md.o(RESET) refers to eint.o(i.EXTI0_IRQHandler) for EXTI0_IRQHandler
    startup_stm32f10x_md.o(RESET) refers to eint.o(i.EXTI9_5_IRQHandler) for EXTI9_5_IRQHandler
    startup_stm32f10x_md.o(RESET) refers to usart1.o(i.USART1_IRQHandler) for USART1_IRQHandler
    startup_stm32f10x_md.o(.text) refers (Special) to heapauxi.o(.text) for __use_two_region_memory
    startup_stm32f10x_md.o(.text) refers to system_stm32f10x.o(i.SystemInit) for SystemInit
    startup_stm32f10x_md.o(.text) refers to __main.o(!!!main) for __main
    startup_stm32f10x_md.o(.text) refers to startup_stm32f10x_md.o(HEAP) for Heap_Mem
    startup_stm32f10x_md.o(.text) refers to startup_stm32f10x_md.o(STACK) for Stack_Mem
    stm32f10x_rcc.o(i.RCC_GetClocksFreq) refers to stm32f10x_rcc.o(.data) for APBAHBPrescTable
    stm32f10x_rcc.o(i.RCC_WaitForHSEStartUp) refers to stm32f10x_rcc.o(i.RCC_GetFlagStatus) for RCC_GetFlagStatus
    stm32f10x_gpio.o(i.GPIO_AFIODeInit) refers to stm32f10x_rcc.o(i.RCC_APB2PeriphResetCmd) for RCC_APB2PeriphResetCmd
    stm32f10x_gpio.o(i.GPIO_DeInit) refers to stm32f10x_rcc.o(i.RCC_APB2PeriphResetCmd) for RCC_APB2PeriphResetCmd
    stm32f10x_usart.o(i.USART_DeInit) refers to stm32f10x_rcc.o(i.RCC_APB2PeriphResetCmd) for RCC_APB2PeriphResetCmd
    stm32f10x_usart.o(i.USART_DeInit) refers to stm32f10x_rcc.o(i.RCC_APB1PeriphResetCmd) for RCC_APB1PeriphResetCmd
    stm32f10x_usart.o(i.USART_Init) refers to stm32f10x_rcc.o(i.RCC_GetClocksFreq) for RCC_GetClocksFreq
    stm32f10x_tim.o(i.TIM_DeInit) refers to stm32f10x_rcc.o(i.RCC_APB2PeriphResetCmd) for RCC_APB2PeriphResetCmd
    stm32f10x_tim.o(i.TIM_DeInit) refers to stm32f10x_rcc.o(i.RCC_APB1PeriphResetCmd) for RCC_APB1PeriphResetCmd
    stm32f10x_tim.o(i.TIM_ETRClockMode1Config) refers to stm32f10x_tim.o(i.TIM_ETRConfig) for TIM_ETRConfig
    stm32f10x_tim.o(i.TIM_ETRClockMode2Config) refers to stm32f10x_tim.o(i.TIM_ETRConfig) for TIM_ETRConfig
    stm32f10x_tim.o(i.TIM_ICInit) refers to stm32f10x_tim.o(i.TI1_Config) for TI1_Config
    stm32f10x_tim.o(i.TIM_ICInit) refers to stm32f10x_tim.o(i.TIM_SetIC1Prescaler) for TIM_SetIC1Prescaler
    stm32f10x_tim.o(i.TIM_ICInit) refers to stm32f10x_tim.o(i.TI2_Config) for TI2_Config
    stm32f10x_tim.o(i.TIM_ICInit) refers to stm32f10x_tim.o(i.TIM_SetIC2Prescaler) for TIM_SetIC2Prescaler
    stm32f10x_tim.o(i.TIM_ICInit) refers to stm32f10x_tim.o(i.TI3_Config) for TI3_Config
    stm32f10x_tim.o(i.TIM_ICInit) refers to stm32f10x_tim.o(i.TIM_SetIC3Prescaler) for TIM_SetIC3Prescaler
    stm32f10x_tim.o(i.TIM_ICInit) refers to stm32f10x_tim.o(i.TI4_Config) for TI4_Config
    stm32f10x_tim.o(i.TIM_ICInit) refers to stm32f10x_tim.o(i.TIM_SetIC4Prescaler) for TIM_SetIC4Prescaler
    stm32f10x_tim.o(i.TIM_ITRxExternalClockConfig) refers to stm32f10x_tim.o(i.TIM_SelectInputTrigger) for TIM_SelectInputTrigger
    stm32f10x_tim.o(i.TIM_PWMIConfig) refers to stm32f10x_tim.o(i.TI1_Config) for TI1_Config
    stm32f10x_tim.o(i.TIM_PWMIConfig) refers to stm32f10x_tim.o(i.TIM_SetIC1Prescaler) for TIM_SetIC1Prescaler
    stm32f10x_tim.o(i.TIM_PWMIConfig) refers to stm32f10x_tim.o(i.TI2_Config) for TI2_Config
    stm32f10x_tim.o(i.TIM_PWMIConfig) refers to stm32f10x_tim.o(i.TIM_SetIC2Prescaler) for TIM_SetIC2Prescaler
    stm32f10x_tim.o(i.TIM_TIxExternalClockConfig) refers to stm32f10x_tim.o(i.TI2_Config) for TI2_Config
    stm32f10x_tim.o(i.TIM_TIxExternalClockConfig) refers to stm32f10x_tim.o(i.TI1_Config) for TI1_Config
[...]
    .constdata                               0x08006d38   Section      152  atan.o(.constdata)
    atanhi                                   0x08006d38   Data          32  atan.o(.constdata)
    atanlo                                   0x08006d58   Data          32  atan.o(.constdata)
    aTodd                                    0x08006d78   Data          40  atan.o(.constdata)
    aTeven                                   0x08006da0   Data          48  atan.o(.constdata)
    .constdata                               0x08006dd0   Section        8  qnan.o(.constdata)
    .constdata                               0x08006dd8   Section      148  bigflt0.o(.constdata)
    tenpwrs_x                                0x08006dd8   Data          60  bigflt0.o(.constdata)
    tenpwrs_i                                0x08006e14   Data          64  bigflt0.o(.constdata)
    locale$$data                             0x08006e8c   Section       28  lc_numeric_c.o(locale$$data)
    __lcnum_c_name                           0x08006e90   Data           2  lc_numeric_c.o(locale$$data)
    __lcnum_c_start                          0x08006e98   Data           0  lc_numeric_c.o(locale$$data)
    __lcnum_c_point                          0x08006ea4   Data           0  lc_numeric_c.o(locale$$data)
    __lcnum_c_thousands                      0x08006ea6   Data           0  lc_numeric_c.o(locale$$data)
    __lcnum_c_grouping                       0x08006ea7   Data           0  lc_numeric_c.o(locale$$data)
    __lcnum_c_end                            0x08006ea8   Data           0  lc_numeric_c.o(locale$$data)
    .data                                    0x20000000   Section       20  stm32f10x_rcc.o(.data)
    APBAHBPrescTable                         0x20000000   Data          16  stm32f10x_rcc.o(.data)
    ADCPrescTable                            0x20000010   Data           4  stm32f10x_rcc.o(.data)
    .data                                    0x20000014   Section        4  delay.o(.data)
    fac_us                                   0x20000014   Data           1  delay.o(.data)
    fac_ms                                   0x20000016   Data           2  delay.o(.data)
    .data                                    0x20000018   Section       12  eint.o(.data)
    .data                                    0x20000024   Section       12  usart1.o(.data)
    .data                                    0x20000030   Section       12  gpio_iic.o(.data)
    .data                                    0x2000003c   Section     9248  oled.o(.data)
    .data                                    0x2000245c   Section       28  main.o(.data)
    UI_index                                 0x2000245c   Data           4  main.o(.data)
    func_active                              0x20002460   Data           4  main.o(.data)
    xAnimTask                                0x20002470   Data           4  main.o(.data)
    xMusicTask                               0x20002474   Data           4  main.o(.data)
    .data                                    0x20002478   Section       28  heap_4.o(.data)
    xStart                                   0x20002478   Data           8  heap_4.o(.data)
    pxEnd                                    0x20002480   Data           4  heap_4.o(.data)
    xFreeBytesRemaining                      0x20002484   Data           4  heap_4.o(.data)
    xMinimumEverFreeBytesRemaining           0x20002488   Data           4  heap_4.o(.data)
    xNumberOfSuccessfulAllocations           0x2000248c   Data           4  heap_4.o(.data)
    xNumberOfSuccessfulFrees                 0x20002490   Data           4  heap_4.o(.data)
    .data                                    0x20002494   Section        4  port.o(.data)
    uxCriticalNesting                        0x20002494   Data           4  port.o(.data)
    .data                                    0x20002498   Section       64  tasks.o(.data)
    pxDelayedTaskList                        0x2000249c   Data           4  tasks.o(.data)
    pxOverflowDelayedTaskList                0x200024a0   Data           4  tasks.o(.data)
    uxDeletedTasksWaitingCleanUp             0x200024a4   Data           4  tasks.o(.data)
    uxCurrentNumberOfTasks                   0x200024a8   Data           4  tasks.o(.data)
    xTickCount                               0x200024ac   Data           4  tasks.o(.data)
    uxTopReadyPriority                       0x200024b0   Data           4  tasks.o(.data)
    xSchedulerRunning                        0x200024b4   Data           4  tasks.o(.data)
    xPendedTicks                             0x200024b8   Data           4  tasks.o(.data)
    xYieldPendings                           0x200024bc   Data           4  tasks.o(.data)
    xNumOfOverflows                          0x200024c0   Data           4  tasks.o(.data)
    uxTaskNumber                             0x200024c4   Data           4  tasks.o(.data)
    xNextTaskUnblockTime                     0x200024c8   Data           4  tasks.o(.data)
    xIdleTaskHandles                         0x200024cc   Data           4  tasks.o(.data)
    uxTopUsedPriority                        0x200024d0   Data           4  tasks.o(.data)
    uxSchedulerSuspended                     0x200024d4   Data           4  tasks.o(.data)
    .bss                                     0x200024d8   Section       96  main.o(.bss)
    .bss                                     0x20002538   Section     6144  heap_4.o(.bss)
    ucHeap                                   0x20002538   Data        6144  heap_4.o(.bss)
    .bss                                     0x20003d38   Section      200  tasks.o(.bss)
    pxReadyTasksLists                        0x20003d38   Data         100  tasks.o(.bss)
    xDelayedTaskList1                        0x20003d9c   Data          20  tasks.o(.bss)
    xDelayedTaskList2                        0x20003db0   Data          20  tasks.o(.bss)
    xPendingReadyList                        0x20003dc4   Data          20  tasks.o(.bss)
    xTasksWaitingTermination                 0x20003dd8   Data          20  tasks.o(.bss)
    xSuspendedTaskList                       0x20003dec   Data          20  tasks.o(.bss)
    .bss                                     0x20003e00   Section       96  libspace.o(.bss)
    HEAP                                     0x20003e60   Section      512  startup_stm32f10x_md.o(HEAP)
    Heap_Mem                                 0x20003e60   Data         512  startup_stm32f10x_md.o(HEAP)
    STACK                                    0x20004060   Section     1024  startup_stm32f10x_md.o(STACK)
    Stack_Mem                                0x20004060   Data        1024  startup_stm32f10x_md.o(STACK)
    __initial_sp                             0x20004460   Data           0  startup_stm32f10x_md.o(STACK)

    Global Symbols

    Symbol Name                              Value     Ov Type        Size  Object(Section)

    BuildAttributes$$THM_ISAv4$P$D$K$B$S$PE$A:L22UL41UL21$X:L11$S22US41US21$IEEE1$IW$USESV6$~STKCKD$USESV7$~SHL$OTIME$ROPI$IEEEX$EBA8$UX$STANDARDLIB$REQ8$PRES8$EABIv2 0x00000000   Number         0  anon$$obj.o ABSOLUTE
    __ARM_use_no_argv                        0x00000000   Number         0  main.o ABSOLUTE
    _printf_flags                            0x00000000   Number         0  printf_stubs.o ABSOLUTE
    _printf_return_value                     0x00000000   Number         0  printf_stubs.o ABSOLUTE
    _printf_sizespec                         0x00000000   Number         0  printf_stubs.o ABSOLUTE
    _printf_widthprec                        0x00000000   Number         0  printf_stubs.o ABSOLUTE
    __ARM_exceptions_init                     - Undefined Weak Reference
    __alloca_initialize                       - Undefined Weak Reference
    __arm_preinit_                            - Undefined Weak Reference
    __cpp_initialize__aeabi_                  - Undefined Weak Reference
    __cxa_finalize                            - Undefined Weak Reference
    __sigvec_lookup                           - Undefined Weak Reference
    _atexit_init                              - Undefined Weak Reference
    _call_atexit_fns                          - Undefined Weak Reference
    _clock_init                               - Undefined Weak Reference
    _fp_trap_init                             - Undefined Weak Reference
    _fp_trap_shutdown                         - Undefined Weak Reference
    _get_lc_collate                           - Undefined Weak Reference
    _get_lc_ctype                             - Undefined Weak Reference
    _get_lc_monetary                          - Undefined Weak Reference
    _get_lc_time                              - Undefined Weak Reference
    _getenv_init                              - Undefined Weak Reference
    _handle_redirection                       - Undefined Weak Reference
    _init_alloc                               - Undefined Weak Reference
    _init_user_alloc                          - Undefined Weak Reference
    _initio                                   - Undefined Weak Reference
    _mutex_acquire                            - Undefined Weak Reference
    _mutex_release                            - Undefined Weak Reference
    _printf_truncate_signed                   - Undefined Weak Reference
    _printf_truncate_unsigned                 - Undefined Weak Reference
    _rand_init                                - Undefined Weak Reference
    _signal_finish                            - Undefined Weak Reference
    _signal_init                              - Undefined Weak Reference
    _terminate_alloc                          - Undefined Weak Reference
    _terminate_user_alloc                     - Undefined Weak Reference
    _terminateio                              - Undefined Weak Reference
    __Vectors_Size                           0x000000ec   Number         0  startup_stm32f10x_md.o ABSOLUTE
    __Vectors                                0x08000000   Data           4  startup_stm32f10x_md.o(RESET)
    __Vectors_End                            0x080000ec   Data           0  startup_stm32f10x_md.o(RESET)
    __main                                   0x080000ed   Thumb Code     8  __main.o(!!!main)
    __scatterload                            0x080000f5   Thumb Code     0  __scatter.o(!!!scatter)
    __scatterload_rt2                        0x080000f5   Thumb Code    44  __scatter.o(!!!scatter)
    __scatterload_rt2_thumb_only             0x080000f5   Thumb Code     0  __scatter.o(!!!scatter)
    __scatterload_null                       0x08000103   Thumb Code     0  __scatter.o(!!!scatter)
    __decompress                             0x08000129   Thumb Code   100  __dclz77c.o(!!dclz77c)
    __decompress2                            0x08000129   Thumb Code     0  __dclz77c.o(!!dclz77c)
    __scatterload_zeroinit                   0x0800018d   Thumb Code    28  __scatter_zi.o(!!handler_zi)
    _printf_f                                0x080001a9   Thumb Code     0  _printf_f.o(.ARM.Collect$$_printf_percent$$00000003)
    _printf_percent                          0x080001a9   Thumb Code     0  _printf_percent.o(.ARM.Collect$$_printf_percent$$00000000)
    _printf_d                                0x080001af   Thumb Code     0  _printf_d.o(.ARM.Collect$$_printf_percent$$00000009)
    _printf_percent_end                      0x080001b5   Thumb Code     0  _printf_percent_end.o(.ARM.Collect$$_printf_percent$$00000017)
    __rt_lib_init                            0x080001b9   Thumb Code     0  libinit.o(.ARM.Collect$$libinit$$00000000)
    __rt_lib_init_fp_1                       0x080001bb   Thumb Code     0  libinit2.o(.ARM.Collect$$libinit$$00000002)
    __rt_lib_init_heap_1                     0x080001bb   Thumb Code     0  libinit2.o(.ARM.Collect$$libinit$$0000000A)
    __rt_lib_init_lc_common                  0x080001bb   Thumb Code     0  libinit2.o(.ARM.Collect$$libinit$$0000000F)
    __rt_lib_init_preinit_1                  0x080001bb   Thumb Code     0  libinit2.o(.ARM.Collect$$libinit$$00000004)
    __rt_lib_init_rand_1                     0x080001bb   Thumb Code     0  libinit2.o(.ARM.Collect$$libinit$$0000000E)
    __rt_lib_init_user_alloc_1               0x080001bb   Thumb Code     0  libinit2.o(.ARM.Collect$$libinit$$0000000C)
    __rt_lib_init_lc_collate_1               0x080001c1   Thumb Code     0  libinit2.o(.ARM.Collect$$libinit$$00000011)
    __rt_lib_init_lc_ctype_1                 0x080001c1   Thumb Code     0  libinit2.o(.ARM.Collect$$libinit$$00000013)
    __rt_lib_init_lc_monetary_1              0x080001c1   Thumb Code     0  libinit2.o(.ARM.Collect$$libinit$$00000015)
    __rt_lib_init_lc_numeric_2               0x080001c1   Thumb Code     0  libinit2.o(.ARM.Collect$$libinit$$00000016)
    __rt_lib_init_alloca_1                   0x080001cb   Thumb Code     0  libinit2.o(.ARM.Collect$$libinit$$0000002E)
    __rt_lib_init_argv_1                     0x080001cb   Thumb Code     0  libinit2.o(.ARM.Collect$$libinit$$0000002C)
    __rt_lib_init_atexit_1                   0x080001cb   Thumb Code     0  libinit2.o(.ARM.Collect$$libinit$$0000001B)
    __rt_lib_init_clock_1                    0x080001cb   Thumb Code     0  libinit2.o(.ARM.Collect$$libinit$$00000021)
    __rt_lib_init_cpp_1                      0x080001cb   Thumb Code     0  libinit2.o(.ARM.Collect$$libinit$$00000032)
    __rt_lib_init_exceptions_1               0x080001cb   Thumb Code     0  libinit2.o(.ARM.Collect$$libinit$$00000030)
    __rt_lib_init_fp_trap_1                  0x080001cb   Thumb Code     0  libinit2.o(.ARM.Collect$$libinit$$0000001F)
    __rt_lib_init_getenv_1                   0x080001cb   Thumb Code     0  libinit2.o(.ARM.Collect$$libinit$$00000023)
    __rt_lib_init_lc_numeric_1               0x080001cb   Thumb Code     0  libinit2.o(.ARM.Collect$$libinit$$00000017)
    __rt_lib_init_lc_time_1                  0x080001cb   Thumb Code     0  libinit2.o(.ARM.Collect$$libinit$$00000019)
    __rt_lib_init_return                     0x080001cb   Thumb Code     0  libinit2.o(.ARM.Collect$$libinit$$00000033)
    __rt_lib_init_signal_1                   0x080001cb   Thumb Code     0  libinit2.o(.ARM.Collect$$libinit$$0000001D)
    __rt_lib_init_stdio_1                    0x080001cb   Thumb Code     0  libinit2.o(.ARM.Collect$$libinit$$00000025)
    __rt_lib_shutdown                        0x080001cd   Thumb Code     0  libshutdown.o(.ARM.Collect$$libshutdown$$00000000)
    __rt_lib_shutdown_cpp_1                  0x080001cf   Thumb Code     0  libshutdown2.o(.ARM.Collect$$libshutdown$$00000002)
    __rt_lib_shutdown_fp_trap_1              0x080001cf   Thumb Code     0  libshutdown2.o(.ARM.Collect$$libshutdown$$00000007)
    __rt_lib_shutdown_heap_1                 0x080001cf   Thumb Code     0  libshutdown2.o(.ARM.Collect$$libshutdown$$0000000F)
    __rt_lib_shutdown_return                 0x080001cf   Thumb Code     0  libshutdown2.o(.ARM.Collect$$libshutdown$$00000010)
    __rt_lib_shutdown_signal_1               0x080001cf   Thumb Code     0  libshutdown2.o(.ARM.Collect$$libshutdown$$0000000A)
    __rt_lib_shutdown_stdio_1                0x080001cf   Thumb Code     0  libshutdown2.o(.ARM.Collect$$libshutdown$$00000004)
    __rt_lib_shutdown_user_alloc_1           0x080001cf   Thumb Code     0  libshutdown2.o(.ARM.Collect$$libshutdown$$0000000C)
    __rt_entry                               0x080001d1   Thumb Code     0  __rtentry.o(.ARM.Collect$$rtentry$$00000000)
    __rt_entry_presh_1                       0x080001d1   Thumb Code     0  __rtentry2.o(.ARM.Collect$$rtentry$$00000002)
    __rt_entry_sh                            0x080001d1   Thumb Code     0  __rtentry4.o(.ARM.Collect$$rtentry$$00000004)
    __rt_entry_li                            0x080001d7   Thumb Code     0  __rtentry2.o(.ARM.Collect$$rtentry$$0000000A)
    __rt_entry_postsh_1                      0x080001d7   Thumb Code     0  __rtentry2.o(.ARM.Collect$$rtentry$$00000009)
    __rt_entry_main                          0x080001db   Thumb Code     0  __rtentry2.o(.ARM.Collect$$rtentry$$0000000D)
    __rt_entry_postli_1                      0x080001db   Thumb Code     0  __rtentry2.o(.ARM.Collect$$rtentry$$0000000C)
    __rt_exit                                0x080001e3   Thumb Code     0  rtexit.o(.ARM.Collect$$rtexit$$00000000)
    __rt_exit_ls                             0x080001e5   Thumb Code     0  rtexit2.o(.ARM.Collect$$rtexit$$00000003)
    __rt_exit_prels_1                        0x080001e5   Thumb Code     0  rtexit2.o(.ARM.Collect$$rtexit$$00000002)
    __rt_exit_exit                           0x080001e9   Thumb Code     0  rtexit2.o(.ARM.Collect$$rtexit$$00000004)
    SVC_Handler                              0x080001f1   Thumb Code    32  port.o(.emb_text)
    __asm___6_port_c_39a90d8d__prvStartFirstTask 0x08000215   Thumb Code    28  port.o(.emb_text)
    PendSV_Handler                           0x08000235   Thumb Code    72  port.o(.emb_text)
    vPortGetIPSR                             0x08000281   Thumb Code     6  port.o(.emb_text)
    Reset_Handler                            0x08000289   Thumb Code     8  startup_stm32f10x_md.o(.text)
    ADC1_2_IRQHandler                        0x080002a3   Thumb Code     0  startup_stm32f10x_md.o(.text)
    CAN1_RX1_IRQHandler                      0x080002a3   Thumb Code     0  startup_stm32f10x_md.o(.text)
    CAN1_SCE_IRQHandler                      0x080002a3   Thumb Code     0  startup_stm32f10x_md.o(.text)
    DMA1_Channel1_IRQHandler                 0x080002a3   Thumb Code     0  startup_stm32f10x_md.o(.text)
    DMA1_Channel2_IRQHandler                 0x080002a3   Thumb Code     0  startup_stm32f10x_md.o(.text)
    DMA1_Channel3_IRQHandler                 0x080002a3   Thumb Code     0  startup_stm32f10x_md.o(.text)
    DMA1_Channel4_IRQHandler                 0x080002a3   Thumb Code     0  startup_stm32f10x_md.o(.text)
    DMA1_Channel5_IRQHandler                 0x080002a3   Thumb Code     0  startup_stm32f10x_md.o(.text)
    DMA1_Channel6_IRQHandler                 0x080002a3   Thumb Code     0  startup_stm32f10x_md.o(.text)
    DMA1_Channel7_IRQHandler                 0x080002a3   Thumb Code     0  startup_stm32f10x_md.o(.text)
    EXTI15_10_IRQHandler                     0x080002a3   Thumb Code     0  startup_stm32f10x_md.o(.text)
    EXTI1_IRQHandler                         0x080002a3   Thumb Code     0  startup_stm32f10x_md.o(.text)
    EXTI2_IRQHandler                         0x080002a3   Thumb Code     0  startup_stm32f10x_md.o(.text)
    EXTI3_IRQHandler                         0x080002a3   Thumb Code     0  startup_stm32f10x_md.o(.text)
    EXTI4_IRQHandler                         0x080002a3   Thumb Code     0  startup_stm32f10x_md.o(.text)
    FLASH_IRQHandler                         0x080002a3   Thumb Code     0  startup_stm32f10x_md.o(.text)
    I2C1_ER_IRQHandler                       0x080002a3   Thumb Code     0  startup_stm32f10x_md.o(.text)
    I2C1_EV_IRQHandler                       0x080002a3   Thumb Code     0  startup_stm32f10x_md.o(.text)
    I2C2_ER_IRQHandler                       0x080002a3   Thumb Code     0  startup_stm32f10x_md.o(.text)
    I2C2_EV_IRQHandler                       0x080002a3   Thumb Code     0  startup_stm32f10x_md.o(.text)
    PVD_IRQHandler                           0x080002a3   Thumb Code     0  startup_stm32f10x_md.o(.text)
    RCC_IRQHandler                           0x080002a3   Thumb Code     0  startup_stm32f10x_md.o(.text)
    RTCAlarm_IRQHandler                      0x080002a3   Thumb Code     0  startup_stm32f10x_md.o(.text)
    RTC_IRQHandler                           0x080002a3   Thumb Code     0  startup_stm32f10x_md.o(.text)
    SPI1_IRQHandler                          0x080002a3   Thumb Code     0  startup_stm32f10x_md.o(.text)
    SPI2_IRQHandler                          0x080002a3   Thumb Code     0  startup_stm32f10x_md.o(.text)
    TAMPER_IRQHandler                        0x080002a3   Thumb Code     0  startup_stm32f10x_md.o(.text)
    TIM1_BRK_IRQHandler                      0x080002a3   Thumb Code     0  startup_stm32f10x_md.o(.text)
    TIM1_CC_IRQHandler                       0x080002a3   Thumb Code     0  startup_stm32f10x_md.o(.text)
    TIM1_TRG_COM_IRQHandler                  0x080002a3   Thumb Code     0  startup_stm32f10x_md.o(.text)
    TIM1_UP_IRQHandler                       0x080002a3   Thumb Code     0  startup_stm32f10x_md.o(.text)
    TIM2_IRQHandler                          0x080002a3   Thumb Code     0  startup_stm32f10x_md.o(.text)
    TIM3_IRQHandler                          0x080002a3   Thumb Code     0  startup_stm32f10x_md.o(.text)
    TIM4_IRQHandler                          0x080002a3   Thumb Code     0  startup_stm32f10x_md.o(.text)
    USART2_IRQHandler                        0x080002a3   Thumb Code     0  startup_stm32f10x_md.o(.text)
    USART3_IRQHandler                        0x080002a3   Thumb Code     0  startup_stm32f10x_md.o(.text)
    USBWakeUp_IRQHandler                     0x080002a3   Thumb Code     0  startup_stm32f10x_md.o(.text)
    USB_HP_CAN1_TX_IRQHandler                0x080002a3   Thumb Code     0  startup_stm32f10x_md.o(.text)
    USB_LP_CAN1_RX0_IRQHandler               0x080002a3   Thumb Code     0  startup_stm32f10x_md.o(.text)
    WWDG_IRQHandler                          0x080002a3   Thumb Code     0  startup_stm32f10x_md.o(.text)
    __user_initial_stackheap                 0x080002a5   Thumb Code     0  startup_stm32f10x_md.o(.text)
    __use_no_semihosting                     0x080002c9   Thumb Code     2  use_no_semi_2.o(.text)
    __aeabi_uldivmod                         0x080002cb   Thumb Code     0  lludivv7m.o(.text)
    _ll_udiv                                 0x080002cb   Thumb Code   238  lludivv7m.o(.text)
    __2sprintf                               0x080003b9   Thumb Code    34  noretval__2sprintf.o(.text)
    _printf_pre_padding                      0x080003e1   Thumb Code    44  _printf_pad.o(.text)
    _printf_post_padding                     0x0800040d   Thumb Code    34  _printf_pad.o(.text)
    _printf_int_dec                          0x08000431   Thumb Code   104  _printf_dec.o(.text)
    __printf                                 0x080004a9   Thumb Code   308  __printf_flags_wp.o(.text)
    __aeabi_memcpy4                          0x080005e1   Thumb Code     0  rt_memcpy_w.o(.text)
    __aeabi_memcpy8                          0x080005e1   Thumb Code     0  rt_memcpy_w.o(.text)
    __rt_memcpy_w                            0x080005e1   Thumb Code   100  rt_memcpy_w.o(.text)
    _memcpy_lastbytes_aligned                0x08000629   Thumb Code     0  rt_memcpy_w.o(.text)
    __aeabi_memset                           0x08000645   Thumb Code    16  aeabi_memset.o(.text)
    __aeabi_memclr                           0x08000655   Thumb Code     0  rt_memclr.o(.text)
    __rt_memclr                              0x08000655   Thumb Code    68  rt_memclr.o(.text)
    _memset                                  0x08000659   Thumb Code     0  rt_memclr.o(.text)
    __aeabi_memclr4                          0x08000699   Thumb Code     0  rt_memclr_w.o(.text)
    __aeabi_memclr8                          0x08000699   Thumb Code     0  rt_memclr_w.o(.text)
    __rt_memclr_w                            0x08000699   Thumb Code    78  rt_memclr_w.o(.text)
    _memset_w                                0x0800069d   Thumb Code     0  rt_memclr_w.o(.text)
    __use_two_region_memory                  0x080006e7   Thumb Code     2  heapauxi.o(.text)
    __rt_heap_escrow$2region                 0x080006e9   Thumb Code     2  heapauxi.o(.text)
    __rt_heap_expand$2region                 0x080006eb   Thumb Code     2  heapauxi.o(.text)
    __I$use$semihosting                      0x080006ed   Thumb Code     0  use_no_semi.o(.text)
    __use_no_semihosting_swi                 0x080006ed   Thumb Code     2  use_no_semi.o(.text)
    __read_errno                             0x080006ef   Thumb Code    10  _rserrno.o(.text)
    __set_errno                              0x080006f9   Thumb Code    12  _rserrno.o(.text)
    _printf_int_common                       0x08000705   Thumb Code   178  _printf_intcommon.o(.text)
    __lib_sel_fp_printf                      0x080007b7   Thumb Code     2  _printf_fp_dec.o(.text)
    _printf_fp_dec_real                      0x08000965   Thumb Code   620  _printf_fp_dec.o(.text)
    _printf_char_common                      0x08000bdb   Thumb Code    32  _printf_char_common.o(.text)
    _sputc                                   0x08000c01   Thumb Code    10  _sputc.o(.text)
    __rt_locale                              0x08000c0d   Thumb Code     8  rt_locale_intlibspace.o(.text)
    __aeabi_errno_addr                       0x08000c15   Thumb Code     8  rt_errno_addr_intlibspace.o(.text)
    __errno$intlibspace                      0x08000c15   Thumb Code     0  rt_errno_addr_intlibspace.o(.text)
    __rt_errno_addr$intlibspace              0x08000c15   Thumb Code     0  rt_errno_addr_intlibspace.o(.text)
    _ll_udiv10                               0x08000c1d   Thumb Code   138  lludiv10.o(.text)
    _printf_fp_infnan                        0x08000ca9   Thumb Code   112  _printf_fp_infnan.o(.text)
    _btod_etento                             0x08000d29   Thumb Code   216  bigflt0.o(.text)
    __user_libspace                          0x08000e05   Thumb Code     8  libspace.o(.text)
    __user_perproc_libspace                  0x08000e05   Thumb Code     0  libspace.o(.text)
    __user_perthread_libspace                0x08000e05   Thumb Code     0  libspace.o(.text)
    __user_setup_stackheap                   0x08000e0d   Thumb Code    74  sys_stackheap_outer.o(.text)
    exit                                     0x08000e57   Thumb Code    18  exit.o(.text)
    strcmp                                   0x08000e69   Thumb Code   128  strcmpv7m.o(.text)
    _btod_d2e                                0x08000ee9   Thumb Code    62  btod.o(CL$$btod_d2e)
    _d2e_denorm_low                          0x08000f27   Thumb Code    70  btod.o(CL$$btod_d2e_denorm_low)
    _d2e_norm_op1                            0x08000f6d   Thumb Code    96  btod.o(CL$$btod_d2e_norm_op1)
    __btod_div_common                        0x08000fcd   Thumb Code   696  btod.o(CL$$btod_div_common)
    _e2e                                     0x08001305   Thumb Code   198  btod.o(CL$$btod_e2e)
    _btod_ediv                               0x080013cb   Thumb Code    40  btod.o(CL$$btod_ediv)
    _btod_emul                               0x080013f3   Thumb Code    40  btod.o(CL$$btod_emul)
    __btod_mult_common                       0x0800141b   Thumb Code   580  btod.o(CL$$btod_mult_common)
    BusFault_Handler                         0x080016cf   Thumb Code     4  stm32f10x_it.o(i.BusFault_Handler)
    Buzzer_Init                              0x080016d5   Thumb Code   140  buzzer.o(i.Buzzer_Init)
    Buzzer_PlayTone                          0x08001769   Thumb Code   106  buzzer.o(i.Buzzer_PlayTone)
    Buzzer_Stop                              0x080017dd   Thumb Code    12  buzzer.o(i.Buzzer_Stop)
    DebugMon_Handler                         0x080017ed   Thumb Code     2  stm32f10x_it.o(i.DebugMon_Handler)
    Delay                                    0x080017ef   Thumb Code    18  nrf24l01.o(i.Delay)
    EXTI0_IRQHandler                         0x08001801   Thumb Code    16  eint.o(i.EXTI0_IRQHandler)
    EXTI9_5_IRQHandler                       0x08001815   Thumb Code    56  eint.o(i.EXTI9_5_IRQHandler)
    EXTI_ClearITPendingBit                   0x08001855   Thumb Code     6  stm32f10x_exti.o(i.EXTI_ClearITPendingBit)
    EXTI_GetITStatus                         0x08001861   Thumb Code    34  stm32f10x_exti.o(i.EXTI_GetITStatus)
    EXTI_Init                                0x08001889   Thumb Code   142  stm32f10x_exti.o(i.EXTI_Init)
    GPIO_EXTILineConfig                      0x0800191d   Thumb Code    60  stm32f10x_gpio.o(i.GPIO_EXTILineConfig)
    GPIO_Init                                0x0800195d   Thumb Code   278  stm32f10x_gpio.o(i.GPIO_Init)
    GPIO_PinRemapConfig                      0x08001a75   Thumb Code   138  stm32f10x_gpio.o(i.GPIO_PinRemapConfig)
    GPIO_ReadInputDataBit                    0x08001b05   Thumb Code    18  stm32f10x_gpio.o(i.GPIO_ReadInputDataBit)
    GPIO_ResetBits                           0x08001b17   Thumb Code     4  stm32f10x_gpio.o(i.GPIO_ResetBits)
    GPIO_SetBits                             0x08001b1b   Thumb Code     4  stm32f10x_gpio.o(i.GPIO_SetBits)
    GyroServo_Init                           0x08001b1f   Thumb Code    36  servo_contal.o(i.GyroServo_Init)
    HardFault_Handler                        0x08001b43   Thumb Code     4  stm32f10x_it.o(i.HardFault_Handler)
    IIC_Init                                 0x08001b49   Thumb Code    82  gpio_iic.o(i.IIC_Init)
    IIC_Sda_In                               0x08001bb5   Thumb Code    12  gpio_iic.o(i.IIC_Sda_In)
    IIC_Sda_Out                              0x08001bc9   Thumb Code    12  gpio_iic.o(i.IIC_Sda_Out)
    IIC_Send_Byte                            0x08001bdd   Thumb Code    70  gpio_iic.o(i.IIC_Send_Byte)
    IIC_Start                                0x08001c2d   Thumb Code    46  gpio_iic.o(i.IIC_Start)
    IIC_Stop                                 0x08001c65   Thumb Code    50  gpio_iic.o(i.IIC_Stop)
    IIC_Wait_Ack                             0x08001ca1   Thumb Code    68  gpio_iic.o(i.IIC_Wait_Ack)
    MPU_IIC_Ack                              0x08001ced   Thumb Code    62  mpuiic.o(i.MPU_IIC_Ack)
    MPU_IIC_Delay                            0x08001d39   Thumb Code    10  mpuiic.o(i.MPU_IIC_Delay)
    MPU_IIC_Init                             0x08001d45   Thumb Code    50  mpuiic.o(i.MPU_IIC_Init)
    MPU_IIC_NAck                             0x08001d7d   Thumb Code    62  mpuiic.o(i.MPU_IIC_NAck)
    MPU_IIC_Read_Byte                        0x08001dc9   Thumb Code    94  mpuiic.o(i.MPU_IIC_Read_Byte)
    MPU_IIC_Send_Byte                        0x08001e35   Thumb Code    80  mpuiic.o(i.MPU_IIC_Send_Byte)
    MPU_IIC_Start                            0x08001e91   Thumb Code    60  mpuiic.o(i.MPU_IIC_Start)
    MPU_IIC_Stop                             0x08001ed9   Thumb Code    58  mpuiic.o(i.MPU_IIC_Stop)
    MPU_IIC_Wait_Ack                         0x08001f21   Thumb Code    86  mpuiic.o(i.MPU_IIC_Wait_Ack)
    MPU_Init                                 0x08001f85   Thumb Code   180  mpu6050.o(i.MPU_Init)
    MPU_Read_Byte                            0x08002045   Thumb Code    58  mpu6050.o(i.MPU_Read_Byte)
    MPU_Set_Accel_Fsr                        0x0800207f   Thumb Code    16  mpu6050.o(i.MPU_Set_Accel_Fsr)
    MPU_Set_Gyro_Fsr                         0x0800208f   Thumb Code    16  mpu6050.o(i.MPU_Set_Gyro_Fsr)
    MPU_Set_LPF                              0x0800209f   Thumb Code    58  mpu6050.o(i.MPU_Set_LPF)
    MPU_Set_Rate                             0x080020d9   Thumb Code    58  mpu6050.o(i.MPU_Set_Rate)
    MPU_Write_Byte                           0x08002113   Thumb Code    68  mpu6050.o(i.MPU_Write_Byte)
    Map_Angle                                0x080021b5   Thumb Code   108  servo_contal.o(i.Map_Angle)
    MemManage_Handler                        0x08002221   Thumb Code     4  stm32f10x_it.o(i.MemManage_Handler)
    NMI_Handler                              0x08002255   Thumb Code     2  stm32f10x_it.o(i.NMI_Handler)
    NRF_Check                                0x08002259   Thumb Code    68  nrf24l01.o(i.NRF_Check)
    NRF_RX_Mode                              0x080022a5   Thumb Code   100  nrf24l01.o(i.NRF_RX_Mode)
    NRF_Rx_Dat                               0x0800230d   Thumb Code    84  nrf24l01.o(i.NRF_Rx_Dat)
    NVIC_Init                                0x08002369   Thumb Code   100  misc.o(i.NVIC_Init)
    NVIC_PriorityGroupConfig                 0x080023d9   Thumb Code    10  misc.o(i.NVIC_PriorityGroupConfig)
    OLED_Clear                               0x080023ed   Thumb Code    64  oled.o(i.OLED_Clear)
    OLED_Init                                0x0800242d   Thumb Code   184  oled.o(i.OLED_Init)
    OLED_Set_Pos                             0x080024e5   Thumb Code    42  oled.o(i.OLED_Set_Pos)
    OLED_ShowCHinese                         0x08002511   Thumb Code   118  oled.o(i.OLED_ShowCHinese)
    OLED_ShowCHinese1                        0x0800258d   Thumb Code   118  oled.o(i.OLED_ShowCHinese1)
    OLED_ShowCHinese2                        0x08002609   Thumb Code   118  oled.o(i.OLED_ShowCHinese2)
    OLED_ShowCHinese3                        0x08002685   Thumb Code   118  oled.o(i.OLED_ShowCHinese3)
    OLED_ShowCHinese4                        0x08002701   Thumb Code   118  oled.o(i.OLED_ShowCHinese4)
    OLED_ShowCHinese5                        0x0800277d   Thumb Code   118  oled.o(i.OLED_ShowCHinese5)
    OLED_ShowChar                            0x080027f9   Thumb Code   154  oled.o(i.OLED_ShowChar)
    OLED_ShowString                          0x0800289d   Thumb Code    58  oled.o(i.OLED_ShowString)
    OLED_WR_Byte                             0x080028d7   Thumb Code    24  oled.o(i.OLED_WR_Byte)
    RCC_APB1PeriphClockCmd                   0x080028f1   Thumb Code    26  stm32f10x_rcc.o(i.RCC_APB1PeriphClockCmd)
    RCC_APB2PeriphClockCmd                   0x08002911   Thumb Code    26  stm32f10x_rcc.o(i.RCC_APB2PeriphClockCmd)
    RCC_GetClocksFreq                        0x08002931   Thumb Code   192  stm32f10x_rcc.o(i.RCC_GetClocksFreq)
    SPI2_For_Nrf24l01                        0x08002a99   Thumb Code   170  nrf24l01.o(i.SPI2_For_Nrf24l01)
    SPI_NRF_Init                             0x08002b4d   Thumb Code    16  nrf24l01.o(i.SPI_NRF_Init)
    SPI_NRF_RW                               0x08002b61   Thumb Code    82  nrf24l01.o(i.SPI_NRF_RW)
    SPI_NRF_ReadBuf                          0x08002bb9   Thumb Code    68  nrf24l01.o(i.SPI_NRF_ReadBuf)
    SPI_NRF_ReadReg                          0x08002c01   Thumb Code    46  nrf24l01.o(i.SPI_NRF_ReadReg)
    SPI_NRF_WriteBuf                         0x08002c35   Thumb Code    68  nrf24l01.o(i.SPI_NRF_WriteBuf)
    SPI_NRF_WriteReg                         0x08002c7d   Thumb Code    48  nrf24l01.o(i.SPI_NRF_WriteReg)
    Servo2_Set_Angle                         0x08002cb1   Thumb Code    44  duo.o(i.Servo2_Set_Angle)
    Servo_PWM_Init                           0x08002ce1   Thumb Code   158  duo.o(i.Servo_PWM_Init)
    Servo_Set_Angle                          0x08002d89   Thumb Code    44  duo.o(i.Servo_Set_Angle)
    SysTick_CLKSourceConfig                  0x08002ea1   Thumb Code    40  misc.o(i.SysTick_CLKSourceConfig)
    SysTick_Handler                          0x08002ec9   Thumb Code    46  port.o(i.SysTick_Handler)
    SystemInit                               0x08002efd   Thumb Code    78  system_stm32f10x.o(i.SystemInit)
    TIM_ARRPreloadConfig                     0x08002f5d   Thumb Code    24  stm32f10x_tim.o(i.TIM_ARRPreloadConfig)
    TIM_Cmd                                  0x08002f75   Thumb Code    24  stm32f10x_tim.o(i.TIM_Cmd)
    TIM_OC2Init                              0x08002f8d   Thumb Code   154  stm32f10x_tim.o(i.TIM_OC2Init)
    TIM_OC2PreloadConfig                     0x08003031   Thumb Code    26  stm32f10x_tim.o(i.TIM_OC2PreloadConfig)
    TIM_OC3Init                              0x0800304d   Thumb Code   150  stm32f10x_tim.o(i.TIM_OC3Init)
    TIM_OC3PreloadConfig                     0x080030ed   Thumb Code    18  stm32f10x_tim.o(i.TIM_OC3PreloadConfig)
    TIM_OC4Init                              0x08003101   Thumb Code   114  stm32f10x_tim.o(i.TIM_OC4Init)
    TIM_OC4PreloadConfig                     0x0800317d   Thumb Code    26  stm32f10x_tim.o(i.TIM_OC4PreloadConfig)
    TIM_SetAutoreload                        0x08003197   Thumb Code     4  stm32f10x_tim.o(i.TIM_SetAutoreload)
    TIM_SetCompare2                          0x0800319b   Thumb Code     4  stm32f10x_tim.o(i.TIM_SetCompare2)
    TIM_SetCompare3                          0x0800319f   Thumb Code     4  stm32f10x_tim.o(i.TIM_SetCompare3)
    TIM_SetCompare4                          0x080031a3   Thumb Code     6  stm32f10x_tim.o(i.TIM_SetCompare4)
    TIM_TimeBaseInit                         0x080031a9   Thumb Code   122  stm32f10x_tim.o(i.TIM_TimeBaseInit)
    USART1_IRQHandler                        0x0800324d   Thumb Code    44  usart1.o(i.USART1_IRQHandler)
    USART_ClearITPendingBit                  0x08003281   Thumb Code    30  stm32f10x_usart.o(i.USART_ClearITPendingBit)
    USART_Cmd                                0x0800329f   Thumb Code    24  stm32f10x_usart.o(i.USART_Cmd)
    USART_GetITStatus                        0x080032b7   Thumb Code    84  stm32f10x_usart.o(i.USART_GetITStatus)
    USART_ITConfig                           0x0800330b   Thumb Code    74  stm32f10x_usart.o(i.USART_ITConfig)
    USART_Init                               0x08003355   Thumb Code   210  stm32f10x_usart.o(i.USART_Init)
    USART_ReceiveData                        0x0800342d   Thumb Code    10  stm32f10x_usart.o(i.USART_ReceiveData)
    UsageFault_Handler                       0x08003437   Thumb Code     4  stm32f10x_it.o(i.UsageFault_Handler)
    Write_IIC_Command                        0x0800343b   Thumb Code    44  oled.o(i.Write_IIC_Command)
    Write_IIC_Data                           0x08003467   Thumb Code    44  oled.o(i.Write_IIC_Data)
    __ARM_fpclassify                         0x08003493   Thumb Code    40  fpclassify.o(i.__ARM_fpclassify)
    __kernel_poly                            0x080034bb   Thumb Code   170  poly.o(i.__kernel_poly)
    __mathlib_dbl_infnan                     0x08003565   Thumb Code     6  dunder.o(i.__mathlib_dbl_infnan)
    __mathlib_dbl_infnan2                    0x0800356b   Thumb Code     4  dunder.o(i.__mathlib_dbl_infnan2)
    __mathlib_dbl_underflow                  0x08003571   Thumb Code    10  dunder.o(i.__mathlib_dbl_underflow)
    _is_digit                                0x08003581   Thumb Code    14  __printf_wp.o(i._is_digit)
    _sys_exit                                0x0800358f   Thumb Code     2  usart1.o(i._sys_exit)
    atan                                     0x08003591   Thumb Code   474  atan.o(i.atan)
    atan2                                    0x080037b1   Thumb Code   346  atan2.o(i.atan2)
    button_init                              0x08003931   Thumb Code    54  button.o(i.button_init)
    delay_init                               0x08003971   Thumb Code    42  delay.o(i.delay_init)
    delay_ms                                 0x080039a5   Thumb Code    56  delay.o(i.delay_ms)
    delay_us                                 0x080039dd   Thumb Code    72  delay.o(i.delay_us)
    delay_xms                                0x08003a29   Thumb Code    72  delay.o(i.delay_xms)
    dht_init                                 0x08003a75   Thumb Code    12  dht.o(i.dht_init)
    duoji_congtal                            0x08003a81   Thumb Code   498  duoji_congtal.o(i.duoji_congtal)
    eint_init                                0x08003ce1   Thumb Code   172  eint.o(i.eint_init)
    h0                                       0x08003d95   Thumb Code    40  main.o(i.h0)
    h1                                       0x08003dc5   Thumb Code   104  main.o(i.h1)
    h2                                       0x08003e3d   Thumb Code    14  main.o(i.h2)
    ldt_init                                 0x08003e51   Thumb Code    76  ldt.o(i.ldt_init)
    led_init                                 0x08003ead   Thumb Code    56  led.o(i.led_init)
    led_off                                  0x08003ef1   Thumb Code    44  led.o(i.led_off)
    led_on                                   0x08003f21   Thumb Code    44  led.o(i.led_on)
    main                                     0x08003f51   Thumb Code   182  main.o(i.main)
    picture_0                                0x0800404d   Thumb Code    72  oled.o(i.picture_0)
    picture_1                                0x08004099   Thumb Code    72  oled.o(i.picture_1)
    picture_2                                0x080040e5   Thumb Code    72  oled.o(i.picture_2)
    picture_3                                0x08004131   Thumb Code    72  oled.o(i.picture_3)
    picture_4                                0x0800417d   Thumb Code    72  oled.o(i.picture_4)
    picture_5                                0x080041c9   Thumb Code    72  oled.o(i.picture_5)
    picture_6                                0x08004215   Thumb Code    72  oled.o(i.picture_6)
    picture_7                                0x08004261   Thumb Code    72  oled.o(i.picture_7)
    pvPortMalloc                             0x080047b9   Thumb Code   244  heap_4.o(i.pvPortMalloc)
    pxPortInitialiseStack                    0x080048c1   Thumb Code    30  port.o(i.pxPortInitialiseStack)
    set_eint_handler                         0x080048e5   Thumb Code    14  eint.o(i.set_eint_handler)
    sqrt                                     0x080049e9   Thumb Code    76  sqrt.o(i.sqrt)
    usart_1_init                             0x08004a35   Thumb Code   162  usart1.o(i.usart_1_init)
    uxListRemove                             0x08004ae1   Thumb Code    40  list.o(i.uxListRemove)
    vApplicationMallocFailedHook             0x08004b09   Thumb Code    10  main.o(i.vApplicationMallocFailedHook)
    vApplicationStackOverflowHook            0x08004b13   Thumb Code    10  main.o(i.vApplicationStackOverflowHook)
    vApplicationTickHook                     0x08004b1d   Thumb Code     2  main.o(i.vApplicationTickHook)
    vListInitialise                          0x08004b1f   Thumb Code    26  list.o(i.vListInitialise)
    vListInitialiseItem                      0x08004b39   Thumb Code     6  list.o(i.vListInitialiseItem)
    vListInsert                              0x08004b3f   Thumb Code    52  list.o(i.vListInsert)
    vListInsertEnd                           0x08004b73   Thumb Code    24  list.o(i.vListInsertEnd)
    vPortEnterCritical                       0x08004b8d   Thumb Code    30  port.o(i.vPortEnterCritical)
    vPortExitCritical                        0x08004bb1   Thumb Code    28  port.o(i.vPortExitCritical)
    vPortFree                                0x08004bd1   Thumb Code    68  heap_4.o(i.vPortFree)
    vPortSetupTimerInterrupt                 0x08004c1d   Thumb Code    20  port.o(i.vPortSetupTimerInterrupt)
    vTaskDelay                               0x08004c35   Thumb Code    46  tasks.o(i.vTaskDelay)
    vTaskDelete                              0x08004c69   Thumb Code   198  tasks.o(i.vTaskDelete)
    vTaskStartScheduler                      0x08004d55   Thumb Code    60  tasks.o(i.vTaskStartScheduler)
    vTaskSuspendAll                          0x08004da1   Thumb Code    12  tasks.o(i.vTaskSuspendAll)
    vTaskSwitchContext                       0x08004db1   Thumb Code   152  tasks.o(i.vTaskSwitchContext)
    xPortStartScheduler                      0x08004e5d   Thumb Code    42  port.o(i.xPortStartScheduler)
    xTaskCreate                              0x08004e91   Thumb Code    56  tasks.o(i.xTaskCreate)
    xTaskIncrementTick                       0x08004ec9   Thumb Code   386  tasks.o(i.xTaskIncrementTick)
    xTaskResumeAll                           0x08005079   Thumb Code   344  tasks.o(i.xTaskResumeAll)
    _get_lc_numeric                          0x080051f5   Thumb Code    44  lc_numeric_c.o(locale$$code)
    __aeabi_d2f                              0x08005221   Thumb Code     0  d2f.o(x$fpl$d2f)
    _d2f                                     0x08005221   Thumb Code    98  d2f.o(x$fpl$d2f)
    __aeabi_dadd                             0x08005285   Thumb Code     0  daddsub_clz.o(x$fpl$dadd)
    _dadd                                    0x08005285   Thumb Code   332  daddsub_clz.o(x$fpl$dadd)
    __fpl_dcheck_NaN1                        0x080053d5   Thumb Code    10  dcheck1.o(x$fpl$dcheck1)
    __aeabi_ddiv                             0x080053e5   Thumb Code     0  ddiv.o(x$fpl$ddiv)
    _ddiv                                    0x080053e5   Thumb Code   552  ddiv.o(x$fpl$ddiv)
    __aeabi_i2d                              0x08005695   Thumb Code     0  dflt_clz.o(x$fpl$dflt)
    _dflt                                    0x08005695   Thumb Code    46  dflt_clz.o(x$fpl$dflt)
    __aeabi_dmul                             0x080056c5   Thumb Code     0  dmul.o(x$fpl$dmul)
    _dmul                                    0x080056c5   Thumb Code   332  dmul.o(x$fpl$dmul)
    __fpl_dnaninf                            0x08005819   Thumb Code   156  dnaninf.o(x$fpl$dnaninf)
    __fpl_dretinf                            0x080058b5   Thumb Code    12  dretinf.o(x$fpl$dretinf)
    __aeabi_drsub                            0x080058c1   Thumb Code     0  daddsub_clz.o(x$fpl$drsb)
    _drsb                                    0x080058c1   Thumb Code    22  daddsub_clz.o(x$fpl$drsb)
    _dsqrt                                   0x080058d9   Thumb Code   456  dsqrt_noumaal.o(x$fpl$dsqrt)
    __aeabi_dsub                             0x08005aa5   Thumb Code     0  daddsub_clz.o(x$fpl$dsub)
    _dsub                                    0x08005aa5   Thumb Code   464  daddsub_clz.o(x$fpl$dsub)
    __aeabi_f2d                              0x08005c79   Thumb Code     0  f2d.o(x$fpl$f2d)
    _f2d                                     0x08005c79   Thumb Code    86  f2d.o(x$fpl$f2d)
    __aeabi_fadd                             0x08005cd1   Thumb Code     0  faddsub_clz.o(x$fpl$fadd)
    _fadd                                    0x08005cd1   Thumb Code   196  faddsub_clz.o(x$fpl$fadd)
    __fpl_fcmp_Inf                           0x08005d95   Thumb Code    24  fcmpi.o(x$fpl$fcmpinf)
    __aeabi_fdiv                             0x08005dad   Thumb Code     0  fdiv.o(x$fpl$fdiv)
    _fdiv                                    0x08005dad   Thumb Code   384  fdiv.o(x$fpl$fdiv)
    __aeabi_f2uiz                            0x08005f31   Thumb Code     0  ffixu.o(x$fpl$ffixu)
    _ffixu                                   0x08005f31   Thumb Code    62  ffixu.o(x$fpl$ffixu)
    __aeabi_i2f                              0x08005f71   Thumb Code     0  fflt_clz.o(x$fpl$fflt)
    _fflt                                    0x08005f71   Thumb Code    48  fflt_clz.o(x$fpl$fflt)
    __aeabi_cfcmple                          0x08005fa1   Thumb Code     0  fleqf.o(x$fpl$fleqf)
    _fcmple                                  0x08005fa1   Thumb Code   104  fleqf.o(x$fpl$fleqf)
    __fpl_fcmple_InfNaN                      0x08005ff3   Thumb Code     0  fleqf.o(x$fpl$fleqf)
    __aeabi_fmul                             0x08006009   Thumb Code     0  fmul.o(x$fpl$fmul)
    _fmul                                    0x08006009   Thumb Code   258  fmul.o(x$fpl$fmul)
    __fpl_fnaninf                            0x0800610b   Thumb Code   140  fnaninf.o(x$fpl$fnaninf)
    __fpl_fretinf                            0x08006197   Thumb Code    10  fretinf.o(x$fpl$fretinf)
    __aeabi_cfrcmple                         0x080061a1   Thumb Code     0  frleqf.o(x$fpl$frleqf)
    _frcmple                                 0x080061a1   Thumb Code    98  frleqf.o(x$fpl$frleqf)
    __aeabi_fsub                             0x08006205   Thumb Code     0  faddsub_clz.o(x$fpl$fsub)
    _fsub                                    0x08006205   Thumb Code   234  faddsub_clz.o(x$fpl$fsub)
    _printf_fp_dec                           0x080062ef   Thumb Code     4  printf1.o(x$fpl$printf1)
    __fpl_return_NaN                         0x080062f3   Thumb Code   100  retnan.o(x$fpl$retnan)
    __ARM_scalbn                             0x08006357   Thumb Code    92  scalbn.o(x$fpl$scalbn)
    __fpl_cmpreturn                          0x080063b3   Thumb Code    48  trapv.o(x$fpl$trapveneer)
    F6x8                                     0x080063e2   Data         552  oled.o(.constdata)
    __I$use$fp                               0x080063e2   Number         0  usenofp.o(x$fpl$usenofp)
    F8X16                                    0x0800660a   Data        1520  oled.o(.constdata)
    __mathlib_zero                           0x08006dd0   Data           8  qnan.o(.constdata)
    Region$$Table$$Base                      0x08006e6c   Number         0  anon$$obj.o(Region$$Table)
    Region$$Table$$Limit                     0x08006e8c   Number         0  anon$$obj.o(Region$$Table)
    e_h0                                     0x20000018   Data           4  eint.o(.data)
    e_h1                                     0x2000001c   Data           4  eint.o(.data)
    e_h2                                     0x20000020   Data           4  eint.o(.data)
    u1_h                                     0x20000024   Data           4  usart1.o(.data)
    __stdout                                 0x20000028   Data           4  usart1.o(.data)
    __stdin                                  0x2000002c   Data           4  usart1.o(.data)
    GPIO_InitForSCL                          0x20000030   Data           4  gpio_iic.o(.data)
    GPIO_InitForSDAOut                       0x20000034   Data           4  gpio_iic.o(.data)
    GPIO_InitForSDAIn                        0x20000038   Data           4  gpio_iic.o(.data)
    Picture0                                 0x2000003c   Data        1024  oled.o(.data)
    Picture1                                 0x2000043c   Data        1024  oled.o(.data)
    Picture2                                 0x2000083c   Data        1024  oled.o(.data)
    Picture3                                 0x20000c3c   Data        1024  oled.o(.data)
    Picture4                                 0x2000103c   Data        1024  oled.o(.data)
    Picture5                                 0x2000143c   Data        1024  oled.o(.data)
    Picture6                                 0x2000183c   Data        1024  oled.o(.data)
    Picture7                                 0x20001c3c   Data        1024  oled.o(.data)
    chan                                     0x2000203c   Data         160  oled.o(.data)
    chan1                                    0x200020dc   Data         160  oled.o(.data)
    chan2                                    0x2000217c   Data         160  oled.o(.data)
    chan3                                    0x2000221c   Data         192  oled.o(.data)
    chan4                                    0x200022dc   Data          96  oled.o(.data)
    chan5                                    0x2000233c   Data         128  oled.o(.data)
    Temp                                     0x200023bc   Data          64  oled.o(.data)
    Hum                                      0x200023fc   Data          64  oled.o(.data)
    T                                        0x2000243c   Data          32  oled.o(.data)
    k3_h3                                    0x20002464   Data           4  main.o(.data)
    K3_MODE                                  0x20002468   Data           4  main.o(.data)
    ret                                      0x2000246c   Data           1  main.o(.data)
    pxCurrentTCB                             0x20002498   Data           4  tasks.o(.data)
    T_data                                   0x200024d8   Data          96  main.o(.bss)
    __libspace_start                         0x20003e00   Data          96  libspace.o(.bss)
    __temporary_stack_top$libspace           0x20003e60   Data           0  libspace.o(.bss)



==============================================================================

Memory Map of the image

  Image Entry point : 0x08000289

  Load Region LR_1 (Base: 0x08000000, Size: 0x00009380, Max: 0xffffffff, ABSOLUTE, COMPRESSED[0x000076e4])

    Execution Region ER_RO (Base: 0x08000000, Size: 0x00006ea8, Max: 0xffffffff, ABSOLUTE)

    Base Addr    Size         Type   Attr      Idx    E Section Name        Object

    0x08000000   0x000000ec   Data   RO           19    RESET               startup_stm32f10x_md.o
    0x080000ec   0x00000008   Code   RO         3306  * !!!main             c_w.l(__main.o)
    0x080000f4   0x00000034   Code   RO         3662    !!!scatter          c_w.l(__scatter.o)
    0x08000128   0x00000064   Code   RO         3660    !!dclz77c           c_w.l(__dclz77c.o)
    0x0800018c   0x0000001c   Code   RO         3664    !!handler_zi        c_w.l(__scatter_zi.o)
    0x080001a8   0x00000000   Code   RO         3293    .ARM.Collect$$_printf_percent$$00000000  c_w.l(_printf_percent.o)
    0x080001a8   0x00000006   Code   RO         3292    .ARM.Collect$$_printf_percent$$00000003  c_w.l(_printf_f.o)
    0x080001ae   0x00000006   Code   RO         3291    .ARM.Collect$$_printf_percent$$00000009  c_w.l(_printf_d.o)
    0x080001b4   0x00000004   Code   RO         3397    .ARM.Collect$$_printf_percent$$00000017  c_w.l(_printf_percent_end.o)
    0x080001b8   0x00000002   Code   RO         3531    .ARM.Collect$$libinit$$00000000  c_w.l(libinit.o)
    0x080001ba   0x00000000   Code   RO         3533    .ARM.Collect$$libinit$$00000002  c_w.l(libinit2.o)
    0x080001ba   0x00000000   Code   RO         3535    .ARM.Collect$$libinit$$00000004  c_w.l(libinit2.o)
    0x080001ba   0x00000000   Code   RO         3538    .ARM.Collect$$libinit$$0000000A  c_w.l(libinit2.o)
    0x080001ba   0x00000000   Code   RO         3540    .ARM.Collect$$libinit$$0000000C  c_w.l(libinit2.o)
    0x080001ba   0x00000000   Code   RO         3542    .ARM.Collect$$libinit$$0000000E  c_w.l(libinit2.o)
    0x080001ba   0x00000006   Code   RO         3543    .ARM.Collect$$libinit$$0000000F  c_w.l(libinit2.o)
    0x080001c0   0x00000000   Code   RO         3545    .ARM.Collect$$libinit$$00000011  c_w.l(libinit2.o)
    0x080001c0   0x00000000   Code   RO         3547    .ARM.Collect$$libinit$$00000013  c_w.l(libinit2.o)
    0x080001c0   0x00000000   Code   RO         3549    .ARM.Collect$$libinit$$00000015  c_w.l(libinit2.o)
    0x080001c0   0x0000000a   Code   RO         3550    .ARM.Collect$$libinit$$00000016  c_w.l(libinit2.o)
    0x080001ca   0x00000000   Code   RO         3551    .ARM.Collect$$libinit$$00000017  c_w.l(libinit2.o)
    0x080001ca   0x00000000   Code   RO         3553    .ARM.Collect$$libinit$$00000019  c_w.l(libinit2.o)
    0x080001ca   0x00000000   Code   RO         3555    .ARM.Collect$$libinit$$0000001B  c_w.l(libinit2.o)
    0x080001ca   0x00000000   Code   RO         3557    .ARM.Collect$$libinit$$0000001D  c_w.l(libinit2.o)
    0x080001ca   0x00000000   Code   RO         3559    .ARM.Collect$$libinit$$0000001F  c_w.l(libinit2.o)
    0x080001ca   0x00000000   Code   RO         3561    .ARM.Collect$$libinit$$00000021  c_w.l(libinit2.o)
    0x080001ca   0x00000000   Code   RO         3563    .ARM.Collect$$libinit$$00000023  c_w.l(libinit2.o)
    0x080001ca   0x00000000   Code   RO         3565    .ARM.Collect$$libinit$$00000025  c_w.l(libinit2.o)
    0x080001ca   0x00000000   Code   RO         3569    .ARM.Collect$$libinit$$0000002C  c_w.l(libinit2.o)
    0x080001ca   0x00000000   Code   RO         3571    .ARM.Collect$$libinit$$0000002E  c_w.l(libinit2.o)
    0x080001ca   0x00000000   Code   RO         3573    .ARM.Collect$$libinit$$00000030  c_w.l(libinit2.o)
    0x080001ca   0x00000000   Code   RO         3575    .ARM.Collect$$libinit$$00000032  c_w.l(libinit2.o)
    0x080001ca   0x00000002   Code   RO         3576    .ARM.Collect$$libinit$$00000033  c_w.l(libinit2.o)
    0x080001cc   0x00000002   Code   RO         3624    .ARM.Collect$$libshutdown$$00000000  c_w.l(libshutdown.o)
    0x080001ce   0x00000000   Code   RO         3643    .ARM.Collect$$libshutdown$$00000002  c_w.l(libshutdown2.o)
    0x080001ce   0x00000000   Code   RO         3645    .ARM.Collect$$libshutdown$$00000004  c_w.l(libshutdown2.o)
    0x080001ce   0x00000000   Code   RO         3648    .ARM.Collect$$libshutdown$$00000007  c_w.l(libshutdown2.o)
    0x080001ce   0x00000000   Code   RO         3651    .ARM.Collect$$libshutdown$$0000000A  c_w.l(libshutdown2.o)
    0x080001ce   0x00000000   Code   RO         3653    .ARM.Collect$$libshutdown$$0000000C  c_w.l(libshutdown2.o)
    0x080001ce   0x00000000   Code   RO         3656    .ARM.Collect$$libshutdown$$0000000F  c_w.l(libshutdown2.o)
    0x080001ce   0x00000002   Code   RO         3657    .ARM.Collect$$libshutdown$$00000010  c_w.l(libshutdown2.o)
    0x080001d0   0x00000000   Code   RO         3380    .ARM.Collect$$rtentry$$00000000  c_w.l(__rtentry.o)
    0x080001d0   0x00000000   Code   RO         3439    .ARM.Collect$$rtentry$$00000002  c_w.l(__rtentry2.o)
    0x080001d0   0x00000006   Code   RO         3451    .ARM.Collect$$rtentry$$00000004  c_w.l(__rtentry4.o)
    0x080001d6   0x00000000   Code   RO         3441    .ARM.Collect$$rtentry$$00000009  c_w.l(__rtentry2.o)
    0x080001d6   0x00000004   Code   RO         3442    .ARM.Collect$$rtentry$$0000000A  c_w.l(__rtentry2.o)
    0x080001da   0x00000000   Code   RO         3444    .ARM.Collect$$rtentry$$0000000C  c_w.l(__rtentry2.o)
    0x080001da   0x00000008   Code   RO         3445    .ARM.Collect$$rtentry$$0000000D  c_w.l(__rtentry2.o)
    0x080001e2   0x00000002   Code   RO         3579    .ARM.Collect$$rtexit$$00000000  c_w.l(rtexit.o)
    0x080001e4   0x00000000   Code   RO         3594    .ARM.Collect$$rtexit$$00000002  c_w.l(rtexit2.o)
    0x080001e4   0x00000004   Code   RO         3595    .ARM.Collect$$rtexit$$00000003  c_w.l(rtexit2.o)
    0x080001e8   0x00000006   Code   RO         3596    .ARM.Collect$$rtexit$$00000004  c_w.l(rtexit2.o)
    0x080001ee   0x00000002   PAD
    0x080001f0   0x00000096   Code   RO         2570    .emb_text           port.o
    0x08000286   0x00000002   PAD
    0x08000288   0x00000040   Code   RO           20  * .text               startup_stm32f10x_md.o
    0x080002c8   0x00000002   Code   RO         3253    .text               c_w.l(use_no_semi_2.o)
    0x080002ca   0x000000ee   Code   RO         3255    .text               c_w.l(lludivv7m.o)
    0x080003b8   0x00000028   Code   RO         3263    .text               c_w.l(noretval__2sprintf.o)
    0x080003e0   0x0000004e   Code   RO         3267    .text               c_w.l(_printf_pad.o)
    0x0800042e   0x00000002   PAD
    0x08000430   0x00000078   Code   RO         3269    .text               c_w.l(_printf_dec.o)
    0x080004a8   0x00000138   Code   RO         3283    .text               c_w.l(__printf_flags_wp.o)
    0x080005e0   0x00000064   Code   RO         3296    .text               c_w.l(rt_memcpy_w.o)
    0x08000644   0x00000010   Code   RO         3298    .text               c_w.l(aeabi_memset.o)
    0x08000654   0x00000044   Code   RO         3300    .text               c_w.l(rt_memclr.o)
    0x08000698   0x0000004e   Code   RO         3302    .text               c_w.l(rt_memclr_w.o)
    0x080006e6   0x00000006   Code   RO         3304    .text               c_w.l(heapauxi.o)
    0x080006ec   0x00000002   Code   RO         3378    .text               c_w.l(use_no_semi.o)
    0x080006ee   0x00000016   Code   RO         3385    .text               c_w.l(_rserrno.o)
    0x08000704   0x000000b2   Code   RO         3387    .text               c_w.l(_printf_intcommon.o)
    0x080007b6   0x0000041a   Code   RO         3389    .text               c_w.l(_printf_fp_dec.o)
    0x08000bd0   0x00000030   Code   RO         3391    .text               c_w.l(_printf_char_common.o)
    0x08000c00   0x0000000a   Code   RO         3393    .text               c_w.l(_sputc.o)
    0x08000c0a   0x00000002   PAD
    0x08000c0c   0x00000008   Code   RO         3458    .text               c_w.l(rt_locale_intlibspace.o)
    0x08000c14   0x00000008   Code   RO         3463    .text               c_w.l(rt_errno_addr_intlibspace.o)
    0x08000c1c   0x0000008a   Code   RO         3465    .text               c_w.l(lludiv10.o)
    0x08000ca6   0x00000002   PAD
    0x08000ca8   0x00000080   Code   RO         3467    .text               c_w.l(_printf_fp_infnan.o)
    0x08000d28   0x000000dc   Code   RO         3471    .text               c_w.l(bigflt0.o)
    0x08000e04   0x00000008   Code   RO         3513    .text               c_w.l(libspace.o)
    0x08000e0c   0x0000004a   Code   RO         3516    .text               c_w.l(sys_stackheap_outer.o)
    0x08000e56   0x00000012   Code   RO         3518    .text               c_w.l(exit.o)
    0x08000e68   0x00000080   Code   RO         3524    .text               c_w.l(strcmpv7m.o)
    0x08000ee8   0x0000003e   Code   RO         3474    CL$$btod_d2e        c_w.l(btod.o)
    0x08000f26   0x00000046   Code   RO         3476    CL$$btod_d2e_denorm_low  c_w.l(btod.o)
    0x08000f6c   0x00000060   Code   RO         3475    CL$$btod_d2e_norm_op1  c_w.l(btod.o)
    0x08000fcc   0x00000338   Code   RO         3484    CL$$btod_div_common  c_w.l(btod.o)
    0x08001304   0x000000c6   Code   RO         3481    CL$$btod_e2e        c_w.l(btod.o)
    0x080013ca   0x00000028   Code   RO         3478    CL$$btod_ediv       c_w.l(btod.o)
    0x080013f2   0x00000028   Code   RO         3477    CL$$btod_emul       c_w.l(btod.o)
    0x0800141a   0x00000244   Code   RO         3483    CL$$btod_mult_common  c_w.l(btod.o)
    0x0800165e   0x00000070   Code   RO         2267    i.AnimationTask     main.o
    0x080016ce   0x00000004   Code   RO         2376    i.BusFault_Handler  stm32f10x_it.o
    0x080016d2   0x00000002   PAD
    0x080016d4   0x00000094   Code   RO         1311    i.Buzzer_Init       buzzer.o
    0x08001768   0x00000074   Code   RO         1312    i.Buzzer_PlayTone   buzzer.o
    0x080017dc   0x00000010   Code   RO         1313    i.Buzzer_Stop       buzzer.o
    0x080017ec   0x00000002   Code   RO         2377    i.DebugMon_Handler  stm32f10x_it.o
    0x080017ee   0x00000012   Code   RO         2158    i.Delay             nrf24l01.o
    0x08001800   0x00000014   Code   RO         1498    i.EXTI0_IRQHandler  eint.o
    0x08001814   0x00000040   Code   RO         1499    i.EXTI9_5_IRQHandler  eint.o
    0x08001854   0x0000000c   Code   RO          458    i.EXTI_ClearITPendingBit  stm32f10x_exti.o
    0x08001860   0x00000028   Code   RO          462    i.EXTI_GetITStatus  stm32f10x_exti.o
    0x08001888   0x00000094   Code   RO          463    i.EXTI_Init         stm32f10x_exti.o
    0x0800191c   0x00000040   Code   RO          310    i.GPIO_EXTILineConfig  stm32f10x_gpio.o
    0x0800195c   0x00000116   Code   RO          313    i.GPIO_Init         stm32f10x_gpio.o
    0x08001a72   0x00000002   PAD
    0x08001a74   0x00000090   Code   RO          315    i.GPIO_PinRemapConfig  stm32f10x_gpio.o
    0x08001b04   0x00000012   Code   RO          317    i.GPIO_ReadInputDataBit  stm32f10x_gpio.o
    0x08001b16   0x00000004   Code   RO          320    i.GPIO_ResetBits    stm32f10x_gpio.o
    0x08001b1a   0x00000004   Code   RO          321    i.GPIO_SetBits      stm32f10x_gpio.o
    0x08001b1e   0x00000024   Code   RO         1945    i.GyroServo_Init    servo_contal.o
    0x08001b42   0x00000004   Code   RO         2378    i.HardFault_Handler  stm32f10x_it.o
    0x08001b46   0x00000002   PAD
    0x08001b48   0x0000006c   Code   RO         1620    i.IIC_Init          gpio_iic.o
    0x08001bb4   0x00000014   Code   RO         1623    i.IIC_Sda_In        gpio_iic.o
    0x08001bc8   0x00000014   Code   RO         1624    i.IIC_Sda_Out       gpio_iic.o
    0x08001bdc   0x00000050   Code   RO         1625    i.IIC_Send_Byte     gpio_iic.o
    0x08001c2c   0x00000038   Code   RO         1626    i.IIC_Start         gpio_iic.o
    0x08001c64   0x0000003c   Code   RO         1627    i.IIC_Stop          gpio_iic.o
    0x08001ca0   0x0000004c   Code   RO         1628    i.IIC_Wait_Ack      gpio_iic.o
    0x08001cec   0x0000004c   Code   RO         2074    i.MPU_IIC_Ack       mpuiic.o
    0x08001d38   0x0000000a   Code   RO         2075    i.MPU_IIC_Delay     mpuiic.o
    0x08001d42   0x00000002   PAD
    0x08001d44   0x00000038   Code   RO         2076    i.MPU_IIC_Init      mpuiic.o
    0x08001d7c   0x0000004c   Code   RO         2077    i.MPU_IIC_NAck      mpuiic.o
    0x08001dc8   0x0000006c   Code   RO         2078    i.MPU_IIC_Read_Byte  mpuiic.o
    0x08001e34   0x0000005c   Code   RO         2079    i.MPU_IIC_Send_Byte  mpuiic.o
    0x08001e90   0x00000048   Code   RO         2080    i.MPU_IIC_Start     mpuiic.o
    0x08001ed8   0x00000048   Code   RO         2081    i.MPU_IIC_Stop      mpuiic.o
    0x08001f20   0x00000064   Code   RO         2082    i.MPU_IIC_Wait_Ack  mpuiic.o
    0x08001f84   0x000000c0   Code   RO         1999    i.MPU_Init          mpu6050.o
    0x08002044   0x0000003a   Code   RO         2000    i.MPU_Read_Byte     mpu6050.o
    0x0800207e   0x00000010   Code   RO         2002    i.MPU_Set_Accel_Fsr  mpu6050.o
    0x0800208e   0x00000010   Code   RO         2003    i.MPU_Set_Gyro_Fsr  mpu6050.o
    0x0800209e   0x0000003a   Code   RO         2004    i.MPU_Set_LPF       mpu6050.o
    0x080020d8   0x0000003a   Code   RO         2005    i.MPU_Set_Rate      mpu6050.o
    0x08002112   0x00000044   Code   RO         2006    i.MPU_Write_Byte    mpu6050.o
    0x08002156   0x00000002   PAD
    0x08002158   0x0000005c   Code   RO         2268    i.MainLogicTask     main.o
    0x080021b4   0x0000006c   Code   RO         1948    i.Map_Angle         servo_contal.o
    0x08002220   0x00000004   Code   RO         2379    i.MemManage_Handler  stm32f10x_it.o
    0x08002224   0x00000030   Code   RO         2269    i.MusicTask         main.o
    0x08002254   0x00000002   Code   RO         2380    i.NMI_Handler       stm32f10x_it.o
    0x08002256   0x00000002   PAD
    0x08002258   0x0000004c   Code   RO         2159    i.NRF_Check         nrf24l01.o
    0x080022a4   0x00000068   Code   RO         2160    i.NRF_RX_Mode       nrf24l01.o
    0x0800230c   0x0000005c   Code   RO         2161    i.NRF_Rx_Dat        nrf24l01.o
    0x08002368   0x00000070   Code   RO          421    i.NVIC_Init         misc.o
    0x080023d8   0x00000014   Code   RO          422    i.NVIC_PriorityGroupConfig  misc.o
    0x080023ec   0x00000040   Code   RO         1694    i.OLED_Clear        oled.o
    0x0800242c   0x000000b8   Code   RO         1700    i.OLED_Init         oled.o
    0x080024e4   0x0000002a   Code   RO         1703    i.OLED_Set_Pos      oled.o
    0x0800250e   0x00000002   PAD
    0x08002510   0x0000007c   Code   RO         1704    i.OLED_ShowCHinese  oled.o
    0x0800258c   0x0000007c   Code   RO         1705    i.OLED_ShowCHinese1  oled.o
    0x08002608   0x0000007c   Code   RO         1706    i.OLED_ShowCHinese2  oled.o
    0x08002684   0x0000007c   Code   RO         1707    i.OLED_ShowCHinese3  oled.o
    0x08002700   0x0000007c   Code   RO         1708    i.OLED_ShowCHinese4  oled.o
    0x0800277c   0x0000007c   Code   RO         1709    i.OLED_ShowCHinese5  oled.o
    0x080027f8   0x000000a4   Code   RO         1710    i.OLED_ShowChar     oled.o
    0x0800289c   0x0000003a   Code   RO         1713    i.OLED_ShowString   oled.o
    0x080028d6   0x00000018   Code   RO         1716    i.OLED_WR_Byte      oled.o
    0x080028ee   0x00000002   PAD
    0x080028f0   0x00000020   Code   RO           26    i.RCC_APB1PeriphClockCmd  stm32f10x_rcc.o
    0x08002910   0x00000020   Code   RO           28    i.RCC_APB2PeriphClockCmd  stm32f10x_rcc.o
    0x08002930   0x000000d4   Code   RO           36    i.RCC_GetClocksFreq  stm32f10x_rcc.o
    0x08002a04   0x00000094   Code   RO         2270    i.SHOW_FUNC_UI      main.o
    0x08002a98   0x000000b4   Code   RO         2164    i.SPI2_For_Nrf24l01  nrf24l01.o
    0x08002b4c   0x00000014   Code   RO         2165    i.SPI_NRF_Init      nrf24l01.o
    0x08002b60   0x00000058   Code   RO         2166    i.SPI_NRF_RW        nrf24l01.o
    0x08002bb8   0x00000048   Code   RO         2167    i.SPI_NRF_ReadBuf   nrf24l01.o
    0x08002c00   0x00000034   Code   RO         2168    i.SPI_NRF_ReadReg   nrf24l01.o
    0x08002c34   0x00000048   Code   RO         2169    i.SPI_NRF_WriteBuf  nrf24l01.o
    0x08002c7c   0x00000034   Code   RO         2170    i.SPI_NRF_WriteReg  nrf24l01.o
    0x08002cb0   0x00000030   Code   RO         2134    i.Servo2_Set_Angle  duo.o
    0x08002ce0   0x000000a8   Code   RO         2135    i.Servo_PWM_Init    duo.o
    0x08002d88   0x00000030   Code   RO         2136    i.Servo_Set_Angle   duo.o
    0x08002db8   0x00000008   Code   RO         2421    i.SetSysClock       system_stm32f10x.o
    0x08002dc0   0x000000e0   Code   RO         2422    i.SetSysClockTo72   system_stm32f10x.o
    0x08002ea0   0x00000028   Code   RO          425    i.SysTick_CLKSourceConfig  misc.o
    0x08002ec8   0x00000034   Code   RO         2571    i.SysTick_Handler   port.o
    0x08002efc   0x00000060   Code   RO         2424    i.SystemInit        system_stm32f10x.o
    0x08002f5c   0x00000018   Code   RO          737    i.TIM_ARRPreloadConfig  stm32f10x_tim.o
    0x08002f74   0x00000018   Code   RO          749    i.TIM_Cmd           stm32f10x_tim.o
    0x08002f8c   0x000000a4   Code   RO          783    i.TIM_OC2Init       stm32f10x_tim.o
    0x08003030   0x0000001a   Code   RO          786    i.TIM_OC2PreloadConfig  stm32f10x_tim.o
    0x0800304a   0x00000002   PAD
    0x0800304c   0x000000a0   Code   RO          788    i.TIM_OC3Init       stm32f10x_tim.o
    0x080030ec   0x00000012   Code   RO          791    i.TIM_OC3PreloadConfig  stm32f10x_tim.o
    0x080030fe   0x00000002   PAD
    0x08003100   0x0000007c   Code   RO          793    i.TIM_OC4Init       stm32f10x_tim.o
    0x0800317c   0x0000001a   Code   RO          795    i.TIM_OC4PreloadConfig  stm32f10x_tim.o
    0x08003196   0x00000004   Code   RO          808    i.TIM_SetAutoreload  stm32f10x_tim.o
    0x0800319a   0x00000004   Code   RO          811    i.TIM_SetCompare2   stm32f10x_tim.o
    0x0800319e   0x00000004   Code   RO          812    i.TIM_SetCompare3   stm32f10x_tim.o
    0x080031a2   0x00000006   Code   RO          813    i.TIM_SetCompare4   stm32f10x_tim.o
    0x080031a8   0x000000a4   Code   RO          820    i.TIM_TimeBaseInit  stm32f10x_tim.o
    0x0800324c   0x00000034   Code   RO         1555    i.USART1_IRQHandler  usart1.o
    0x08003280   0x0000001e   Code   RO          554    i.USART_ClearITPendingBit  stm32f10x_usart.o
    0x0800329e   0x00000018   Code   RO          557    i.USART_Cmd         stm32f10x_usart.o
    0x080032b6   0x00000054   Code   RO          561    i.USART_GetITStatus  stm32f10x_usart.o
    0x0800330a   0x0000004a   Code   RO          563    i.USART_ITConfig    stm32f10x_usart.o
    0x08003354   0x000000d8   Code   RO          564    i.USART_Init        stm32f10x_usart.o
    0x0800342c   0x0000000a   Code   RO          571    i.USART_ReceiveData  stm32f10x_usart.o
    0x08003436   0x00000004   Code   RO         2381    i.UsageFault_Handler  stm32f10x_it.o
    0x0800343a   0x0000002c   Code   RO         1718    i.Write_IIC_Command  oled.o
    0x08003466   0x0000002c   Code   RO         1719    i.Write_IIC_Data    oled.o
    0x08003492   0x00000028   Code   RO         3509    i.__ARM_fpclassify  m_ws.l(fpclassify.o)
    0x080034ba   0x000000aa   Code   RO         3511    i.__kernel_poly     m_ws.l(poly.o)
    0x08003564   0x00000006   Code   RO         3424    i.__mathlib_dbl_infnan  m_ws.l(dunder.o)
    0x0800356a   0x00000004   Code   RO         3425    i.__mathlib_dbl_infnan2  m_ws.l(dunder.o)
    0x0800356e   0x00000002   PAD
    0x08003570   0x00000010   Code   RO         3429    i.__mathlib_dbl_underflow  m_ws.l(dunder.o)
    0x08003580   0x0000000e   Code   RO         3281    i._is_digit         c_w.l(__printf_wp.o)
    0x0800358e   0x00000002   Code   RO         1556    i._sys_exit         usart1.o
    0x08003590   0x00000220   Code   RO         3414    i.atan              m_ws.l(atan.o)
    0x080037b0   0x00000180   Code   RO         3363    i.atan2             m_ws.l(atan2.o)
    0x08003930   0x00000040   Code   RO         1368    i.button_init       button.o
    0x08003970   0x00000034   Code   RO         1389    i.delay_init        delay.o
    0x080039a4   0x00000038   Code   RO         1390    i.delay_ms          delay.o
    0x080039dc   0x0000004c   Code   RO         1391    i.delay_us          delay.o
    0x08003a28   0x0000004c   Code   RO         1392    i.delay_xms         delay.o
    0x08003a74   0x0000000c   Code   RO         1457    i.dht_init          dht.o
    0x08003a80   0x00000260   Code   RO         2245    i.duoji_congtal     duoji_congtal.o
    0x08003ce0   0x000000b4   Code   RO         1500    i.eint_init         eint.o
    0x08003d94   0x00000030   Code   RO         2271    i.h0                main.o
    0x08003dc4   0x00000078   Code   RO         2272    i.h1                main.o
    0x08003e3c   0x00000014   Code   RO         2273    i.h2                main.o
    0x08003e50   0x0000005c   Code   RO         1427    i.ldt_init          ldt.o
    0x08003eac   0x00000044   Code   RO         1281    i.led_init          led.o
    0x08003ef0   0x00000030   Code   RO         1282    i.led_off           led.o
    0x08003f20   0x00000030   Code   RO         1283    i.led_on            led.o
    0x08003f50   0x000000fc   Code   RO         2274    i.main              main.o
    0x0800404c   0x0000004c   Code   RO         1722    i.picture_0         oled.o
    0x08004098   0x0000004c   Code   RO         1723    i.picture_1         oled.o
    0x080040e4   0x0000004c   Code   RO         1724    i.picture_2         oled.o
    0x08004130   0x0000004c   Code   RO         1725    i.picture_3         oled.o
    0x0800417c   0x0000004c   Code   RO         1726    i.picture_4         oled.o
    0x080041c8   0x0000004c   Code   RO         1727    i.picture_5         oled.o
    0x08004214   0x0000004c   Code   RO         1728    i.picture_6         oled.o
    0x08004260   0x0000004c   Code   RO         1729    i.picture_7         oled.o
    0x080042ac   0x000000cc   Code   RO         2856    i.prvAddCurrentTaskToDelayedList  tasks.o
    0x08004378   0x000000f0   Code   RO         2857    i.prvAddNewTaskToReadyList  tasks.o
    0x08004468   0x00000048   Code   RO         2858    i.prvCheckTasksWaitingTermination  tasks.o
    0x080044b0   0x00000068   Code   RO         2859    i.prvCreateIdleTasks  tasks.o
    0x08004518   0x0000005a   Code   RO         2860    i.prvCreateTask     tasks.o
    0x08004572   0x00000012   Code   RO         2861    i.prvDeleteTCB      tasks.o
    0x08004584   0x0000006c   Code   RO         2455    i.prvHeapInit       heap_4.o
    0x080045f0   0x00000028   Code   RO         2862    i.prvIdleTask       tasks.o
    0x08004618   0x00000086   Code   RO         2863    i.prvInitialiseNewTask  tasks.o
    0x0800469e   0x00000002   PAD
    0x080046a0   0x00000068   Code   RO         2864    i.prvInitialiseTaskLists  tasks.o
    0x08004708   0x00000068   Code   RO         2456    i.prvInsertBlockIntoFreeList  heap_4.o
    0x08004770   0x00000030   Code   RO         2865    i.prvResetNextTaskUnblockTime  tasks.o
    0x080047a0   0x00000016   Code   RO         2572    i.prvTaskExitError  port.o
    0x080047b6   0x00000002   PAD
    0x080047b8   0x00000108   Code   RO         2458    i.pvPortMalloc      heap_4.o
    0x080048c0   0x00000024   Code   RO         2573    i.pxPortInitialiseStack  port.o
    0x080048e4   0x0000001c   Code   RO         1501    i.set_eint_handler  eint.o
    0x08004900   0x000000e8   Code   RO         2277    i.show_main_menu    main.o
    0x080049e8   0x0000004c   Code   RO         3371    i.sqrt              m_ws.l(sqrt.o)
    0x08004a34   0x000000ac   Code   RO         1559    i.usart_1_init      usart1.o
    0x08004ae0   0x00000028   Code   RO         2534    i.uxListRemove      list.o
    0x08004b08   0x0000000a   Code   RO         2279    i.vApplicationMallocFailedHook  main.o
    0x08004b12   0x0000000a   Code   RO         2280    i.vApplicationStackOverflowHook  main.o
    0x08004b1c   0x00000002   Code   RO         2281    i.vApplicationTickHook  main.o
    0x08004b1e   0x0000001a   Code   RO         2535    i.vListInitialise   list.o
    0x08004b38   0x00000006   Code   RO         2536    i.vListInitialiseItem  list.o
    0x08004b3e   0x00000034   Code   RO         2537    i.vListInsert       list.o
    0x08004b72   0x00000018   Code   RO         2538    i.vListInsertEnd    list.o
    0x08004b8a   0x00000002   PAD
    0x08004b8c   0x00000024   Code   RO         2575    i.vPortEnterCritical  port.o
    0x08004bb0   0x00000020   Code   RO         2576    i.vPortExitCritical  port.o
    0x08004bd0   0x0000004c   Code   RO         2459    i.vPortFree         heap_4.o
    0x08004c1c   0x00000018   Code   RO         2577    i.vPortSetupTimerInterrupt  port.o
    0x08004c34   0x00000034   Code   RO         2879    i.vTaskDelay        tasks.o
    0x08004c68   0x000000ec   Code   RO         2880    i.vTaskDelete       tasks.o
    0x08004d54   0x0000004c   Code   RO         2893    i.vTaskStartScheduler  tasks.o
    0x08004da0   0x00000010   Code   RO         2895    i.vTaskSuspendAll   tasks.o
    0x08004db0   0x000000ac   Code   RO         2896    i.vTaskSwitchContext  tasks.o
    0x08004e5c   0x00000034   Code   RO         2578    i.xPortStartScheduler  port.o
    0x08004e90   0x00000038   Code   RO         2899    i.xTaskCreate       tasks.o
    0x08004ec8   0x000001b0   Code   RO         2911    i.xTaskIncrementTick  tasks.o
    0x08005078   0x0000017c   Code   RO         2915    i.xTaskResumeAll    tasks.o
    0x080051f4   0x0000002c   Code   RO         3501    locale$$code        c_w.l(lc_numeric_c.o)
    0x08005220   0x00000062   Code   RO         3308    x$fpl$d2f           fz_ws.l(d2f.o)
    0x08005282   0x00000002   PAD
    0x08005284   0x00000150   Code   RO         3310    x$fpl$dadd          fz_ws.l(daddsub_clz.o)
    0x080053d4   0x00000010   Code   RO         3577    x$fpl$dcheck1       fz_ws.l(dcheck1.o)
    0x080053e4   0x000002b0   Code   RO         3317    x$fpl$ddiv          fz_ws.l(ddiv.o)
    0x08005694   0x0000002e   Code   RO         3321    x$fpl$dflt          fz_ws.l(dflt_clz.o)
    0x080056c2   0x00000002   PAD
    0x080056c4   0x00000154   Code   RO         3326    x$fpl$dmul          fz_ws.l(dmul.o)
    0x08005818   0x0000009c   Code   RO         3400    x$fpl$dnaninf       fz_ws.l(dnaninf.o)
    0x080058b4   0x0000000c   Code   RO         3402    x$fpl$dretinf       fz_ws.l(dretinf.o)
    0x080058c0   0x00000016   Code   RO         3311    x$fpl$drsb          fz_ws.l(daddsub_clz.o)
    0x080058d6   0x00000002   PAD
    0x080058d8   0x000001cc   Code   RO         3404    x$fpl$dsqrt         fz_ws.l(dsqrt_noumaal.o)
    0x08005aa4   0x000001d4   Code   RO         3312    x$fpl$dsub          fz_ws.l(daddsub_clz.o)
    0x08005c78   0x00000056   Code   RO         3328    x$fpl$f2d           fz_ws.l(f2d.o)
    0x08005cce   0x00000002   PAD
    0x08005cd0   0x000000c4   Code   RO         3330    x$fpl$fadd          fz_ws.l(faddsub_clz.o)
    0x08005d94   0x00000018   Code   RO         3406    x$fpl$fcmpinf       fz_ws.l(fcmpi.o)
    0x08005dac   0x00000184   Code   RO         3337    x$fpl$fdiv          fz_ws.l(fdiv.o)
    0x08005f30   0x0000003e   Code   RO         3344    x$fpl$ffixu         fz_ws.l(ffixu.o)
    0x08005f6e   0x00000002   PAD
    0x08005f70   0x00000030   Code   RO         3349    x$fpl$fflt          fz_ws.l(fflt_clz.o)
    0x08005fa0   0x00000068   Code   RO         3354    x$fpl$fleqf         fz_ws.l(fleqf.o)
    0x08006008   0x00000102   Code   RO         3356    x$fpl$fmul          fz_ws.l(fmul.o)
    0x0800610a   0x0000008c   Code   RO         3408    x$fpl$fnaninf       fz_ws.l(fnaninf.o)
    0x08006196   0x0000000a   Code   RO         3410    x$fpl$fretinf       fz_ws.l(fretinf.o)
    0x080061a0   0x00000062   Code   RO         3358    x$fpl$frleqf        fz_ws.l(frleqf.o)
    0x08006202   0x00000002   PAD
    0x08006204   0x000000ea   Code   RO         3332    x$fpl$fsub          fz_ws.l(faddsub_clz.o)
    0x080062ee   0x00000004   Code   RO         3360    x$fpl$printf1       fz_ws.l(printf1.o)
    0x080062f2   0x00000064   Code   RO         3591    x$fpl$retnan        fz_ws.l(retnan.o)
    0x08006356   0x0000005c   Code   RO         3507    x$fpl$scalbn        fz_ws.l(scalbn.o)
    0x080063b2   0x00000030   Code   RO         3608    x$fpl$trapveneer    fz_ws.l(trapv.o)
    0x080063e2   0x00000000   Code   RO         3412    x$fpl$usenofp       fz_ws.l(usenofp.o)
    0x080063e2   0x00000818   Data   RO         1731    .constdata          oled.o
    0x08006bfa   0x00000002   PAD
    0x08006bfc   0x00000128   Data   RO         2283    .constdata          main.o
    0x08006d24   0x00000011   Data   RO         3284    .constdata          c_w.l(__printf_flags_wp.o)
    0x08006d35   0x00000003   PAD
    0x08006d38   0x00000098   Data   RO         3415    .constdata          m_ws.l(atan.o)
    0x08006dd0   0x00000008   Data   RO         3437    .constdata          m_ws.l(qnan.o)
    0x08006dd8   0x00000094   Data   RO         3472    .constdata          c_w.l(bigflt0.o)
    0x08006e6c   0x00000020   Data   RO         3658    Region$$Table       anon$$obj.o
    0x08006e8c   0x0000001c   Data   RO         3500    locale$$data        c_w.l(lc_numeric_c.o)


    Execution Region ER_RW (Base: 0x20000000, Size: 0x000024d8, Max: 0xffffffff, ABSOLUTE, COMPRESSED[0x0000083c])

    Base Addr    Size         Type   Attr      Idx    E Section Name        Object

    0x20000000   0x00000014   Data   RW           56    .data               stm32f10x_rcc.o
    0x20000014   0x00000004   Data   RW         1393    .data               delay.o
    0x20000018   0x0000000c   Data   RW         1502    .data               eint.o
    0x20000024   0x0000000c   Data   RW         1563    .data               usart1.o
    0x20000030   0x0000000c   Data   RW         1629    .data               gpio_iic.o
    0x2000003c   0x00002420   Data   RW         1732    .data               oled.o
    0x2000245c   0x0000001c   Data   RW         2284    .data               main.o
    0x20002478   0x0000001c   Data   RW         2466    .data               heap_4.o
    0x20002494   0x00000004   Data   RW         2579    .data               port.o
    0x20002498   0x00000040   Data   RW         2918    .data               tasks.o


    Execution Region ER_ZI (Base: 0x200024d8, Size: 0x00001f88, Max: 0xffffffff, ABSOLUTE)

    Base Addr    Size         Type   Attr      Idx    E Section Name        Object

    0x200024d8   0x00000060   Zero   RW         2282    .bss                main.o
    0x20002538   0x00001800   Zero   RW         2465    .bss                heap_4.o
    0x20003d38   0x000000c8   Zero   RW         2917    .bss                tasks.o
    0x20003e00   0x00000060   Zero   RW         3514    .bss                c_w.l(libspace.o)
    0x20003e60   0x00000200   Zero   RW           18    HEAP                startup_stm32f10x_md.o
    0x20004060   0x00000400   Zero   RW           17    STACK               startup_stm32f10x_md.o


==============================================================================

Image component sizes


      Code (inc. data)   RO Data    RW Data    ZI Data      Debug   Object Name

        64         10          0          0          0        466   button.o
       280         22          0          0          0      17662   buzzer.o
         0          0          0          0          0       4540   core_cm3.o
       260         18          0          4          0       2203   delay.o
        12          0          0          0          0        411   dht.o
       264         18          0          0          0       1650   duo.o
       608        110          0          0          0       1192   duoji_congtal.o
       292         34          0         12          0       2544   eint.o
       420         80          0         12          0       3719   gpio_iic.o
       552         56          0         28       6144       5823   heap_4.o
        92         16          0          0          0        467   ldt.o
       164         20          0          0          0       1374   led.o
       148          0          0          0          0       3118   list.o
      1094        180        296         28         96       7183   main.o
       172         22          0          0          0       1917   misc.o
       466         12          0          0          0       4020   mpu6050.o
       662        100          0          0          0       4522   mpuiic.o
       826         58          0          0          0       8277   nrf24l01.o
      1976         78       2072       9248          0      16394   oled.o
       404         48          0          4          0       8744   port.o
       144          0          0          0          0       1241   servo_contal.o
        64         26        236          0       1536        792   startup_stm32f10x_md.o
       200         18          0          0          0       1964   stm32f10x_exti.o
       512         10          0          0          0       4868   stm32f10x_gpio.o
        20          0          0          0          0       2513   stm32f10x_it.o
       276         32          0         20          0     253166   stm32f10x_rcc.o
       748         72          0          0          0       7869   stm32f10x_tim.o
       438          6          0          0          0       5388   stm32f10x_usart.o
       328         28          0          0          0       1817   system_stm32f10x.o
      2474        304          0         64        200      30051   tasks.o
       226         18          0         12          0       3550   usart1.o

    ----------------------------------------------------------------------
     14214       1396       2638       9432       7976     409445   Object Totals
         0          0         32          0          0          0   (incl. Generated)
        28          0          2          0          0          0   (incl. Padding)

    ----------------------------------------------------------------------

      Code (inc. data)   RO Data    RW Data    ZI Data      Debug   Library Member Name

       100          0          0          0          0          0   __dclz77c.o
         8          0          0          0          0         68   __main.o
       312          4         17          0          0         92   __printf_flags_wp.o
        14          0          0          0          0         68   __printf_wp.o
         0          0          0          0          0          0   __rtentry.o
        12          0          0          0          0          0   __rtentry2.o
         6          0          0          0          0          0   __rtentry4.o
        52          8          0          0          0          0   __scatter.o
        28          0          0          0          0          0   __scatter_zi.o
        48          6          0          0          0         96   _printf_char_common.o
         6          0          0          0          0          0   _printf_d.o
       120         16          0          0          0         92   _printf_dec.o
         6          0          0          0          0          0   _printf_f.o
      1050          0          0          0          0        216   _printf_fp_dec.o
       128         16          0          0          0         84   _printf_fp_infnan.o
       178          0          0          0          0         88   _printf_intcommon.o
        78          0          0          0          0        108   _printf_pad.o
         0          0          0          0          0          0   _printf_percent.o
         4          0          0          0          0          0   _printf_percent_end.o
        22          0          0          0          0        100   _rserrno.o
        10          0          0          0          0         68   _sputc.o
        16          0          0          0          0         68   aeabi_memset.o
       220          4        148          0          0         96   bigflt0.o
      1910        128          0          0          0        672   btod.o
        18          0          0          0          0         80   exit.o
         6          0          0          0          0        152   heapauxi.o
        44         10         28          0          0         76   lc_numeric_c.o
         2          0          0          0          0          0   libinit.o
        18          0          0          0          0          0   libinit2.o
         2          0          0          0          0          0   libshutdown.o
         2          0          0          0          0          0   libshutdown2.o
         8          4          0          0         96         68   libspace.o
       138          0          0          0          0         80   lludiv10.o
       238          0          0          0          0        100   lludivv7m.o
        40          6          0          0          0         84   noretval__2sprintf.o
         8          4          0          0          0         68   rt_errno_addr_intlibspace.o
         8          4          0          0          0         68   rt_locale_intlibspace.o
        68          0          0          0          0         68   rt_memclr.o
        78          0          0          0          0         80   rt_memclr_w.o
       100          0          0          0          0         80   rt_memcpy_w.o
         2          0          0          0          0          0   rtexit.o
        10          0          0          0          0          0   rtexit2.o
       128          0          0          0          0         68   strcmpv7m.o
        74          0          0          0          0         80   sys_stackheap_outer.o
         2          0          0          0          0         68   use_no_semi.o
         2          0          0          0          0         68   use_no_semi_2.o
        98          4          0          0          0         92   d2f.o
       826         16          0          0          0        348   daddsub_clz.o
        16          4          0          0          0         68   dcheck1.o
       688        140          0          0          0        208   ddiv.o
        46          0          0          0          0         68   dflt_clz.o
       340         12          0          0          0        104   dmul.o
       156          4          0          0          0         92   dnaninf.o
        12          0          0          0          0         68   dretinf.o
       460         56          0          0          0        120   dsqrt_noumaal.o
        86          4          0          0          0         84   f2d.o
       430          8          0          0          0        168   faddsub_clz.o
        24          0          0          0          0         68   fcmpi.o
       388         76          0          0          0         96   fdiv.o
        62          4          0          0          0         84   ffixu.o
        48          0          0          0          0         68   fflt_clz.o
       104          4          0          0          0         84   fleqf.o
       258          4          0          0          0         84   fmul.o
       140          4          0          0          0         84   fnaninf.o
        10          0          0          0          0         68   fretinf.o
        98          0          0          0          0         68   frleqf.o
         4          0          0          0          0         68   printf1.o
       100          0          0          0          0         68   retnan.o
        92          0          0          0          0         68   scalbn.o
        48          0          0          0          0         68   trapv.o
         0          0          0          0          0          0   usenofp.o
       544         70        152          0          0        124   atan.o
       384         38          0          0          0        144   atan2.o
        26          6          0          0          0        204   dunder.o
        40          0          0          0          0         68   fpclassify.o
       170          0          0          0          0         96   poly.o
         0          0          8          0          0          0   qnan.o
        76          0          0          0          0         84   sqrt.o

    ----------------------------------------------------------------------
     11120        664        356          0         96       6320   Library Totals
        22          0          3          0          0          0   (incl. Padding)

    ----------------------------------------------------------------------

      Code (inc. data)   RO Data    RW Data    ZI Data      Debug   Library Name

      5324        210        193          0         96       3204   c_w.l
      4534        340          0          0          0       2396   fz_ws.l
      1240        114        160          0          0        720   m_ws.l

    ----------------------------------------------------------------------
     11120        664        356          0         96       6320   Library Totals

    ----------------------------------------------------------------------

==============================================================================


      Code (inc. data)   RO Data    RW Data    ZI Data      Debug   

     25334       2060       2994       9432       8072     403489   Grand Totals
     25334       2060       2994       2108       8072     403489   ELF Image Totals (compressed)
     25334       2060       2994       2108          0          0   ROM Totals

==============================================================================

    Total RO  Size (Code + RO Data)                28328 (  27.66kB)
    Total RW  Size (RW Data + ZI Data)             17504 (  17.09kB)
    Total ROM Size (Code + RO Data + RW Data)      30436 (  29.72kB)

==============================================================================

