<html>
<body>
<pre>
<h1>µVision Build Log</h1>
<h2>Tool Versions:</h2>
IDE-Version: ¦ÌVision V5.20.0.0
Copyright (C) 2016 ARM Ltd and ARM Germany GmbH. All rights reserved.
License Information: 1 8619337560621, 1, LIC=X1E4T-RSG2C-LVY1I-T9VWR-JECBJ-AWH61
 
Tool Versions:
Toolchain:       MDK-ARM Professional  Version: 5.20
Toolchain Path:  E:\ES\Keil520\ARM\ARMCC\Bin
C Compiler:      Armcc.exe V5.06 update 2 (build 183)
Assembler:       Armasm.exe V5.06 update 2 (build 183)
Linker/Locator:  ArmLink.exe V5.06 update 2 (build 183)
Library Manager: ArmAr.exe V5.06 update 2 (build 183)
Hex Converter:   FromElf.exe V5.06 update 2 (build 183)
CPU DLL:         SARMCM3.DLL V5.20
Dialog DLL:      DCM.DLL V1.13.7.0
Target DLL:      STLink\ST-LINKIII-KEIL_SWO.dll V2.0.18.0
Dialog DLL:      TCM.DLL V1.14.9.0
 
<h2>Project:</h2>
C:\Users\86193\OneDrive\×ÀÃæ\stm32\xm_v1.5\project\test.uvprojx
Project File Date:  03/13/2026

<h2>Output:</h2>
*** Using Compiler 'V5.06 update 2 (build 183)', folder: 'E:\ES\Keil520\ARM\ARMCC\Bin'
Rebuild target 'Target'
assembling startup_stm32f10x_md.s...
compiling stm32f10x_exti.c...
compiling delay.c...
compiling buzzer.c...
compiling stm32f10x_iwdg.c...
compiling button.c...
compiling led.c...
compiling misc.c...
compiling eint.c...
compiling stm32f10x_gpio.c...
compiling ldt.c...
compiling stm32f10x_usart.c...
compiling stm32f10x_rcc.c...
compiling dht.c...
compiling stm32f10x_tim.c...
compiling core_cm3.c...
compiling iwdg.c...
compiling usart1.c...
compiling gpio_iic.c...
compiling oled.c...
compiling heap_4.c...
compiling list.c...
compiling servo_contal.c...
..\mylib\duo.h(10): warning:  #1-D: last line of file ends without a newline
  #endif
..\mylib\servo_contal.h(30): warning:  #1-D: last line of file ends without a newline
  #endif
..\mylib\servo_contal.c(81): warning:  #223-D: function "atan2" declared implicitly
      roll = atan2(ax, sqrt(ay*ay + az*az)) * 180 / 3.14159;  // ?á¹ö½?
..\mylib\servo_contal.c(81): warning:  #223-D: function "sqrt" declared implicitly
      roll = atan2(ax, sqrt(ay*ay + az*az)) * 180 / 3.14159;  // ?á¹ö½?
..\mylib\servo_contal.c(114): warning:  #1-D: last line of file ends without a newline
  }
..\mylib\servo_contal.c: 5 warnings, 0 errors
compiling nrf24l01.c...
compiling mpuiic.c...
compiling mpu6050.c...
compiling system_stm32f10x.c...
compiling duo.c...
compiling stm32f10x_it.c...
compiling duoji_congtal.c...
..\mylib\duoji_congtal.h(34): warning:  #1-D: last line of file ends without a newline
  #endif
..\mylib\duo.h(10): warning:  #1-D: last line of file ends without a newline
  #endif
duoji_congtal.c(67): warning:  #1-D: last line of file ends without a newline
  	
duoji_congtal.c: 3 warnings, 0 errors
compiling main.c...
..\mylib\duo.h(10): warning:  #1-D: last line of file ends without a newline
  #endif
..\mylib\servo_contal.h(30): warning:  #1-D: last line of file ends without a newline
  #endif
..\mylib\duoji_congtal.h(34): warning:  #1-D: last line of file ends without a newline
  #endif
..\user\main.c(366): warning:  #177-D: function "show_temp_page" was declared but never referenced
  static void show_temp_page(u8 hum, u8 temp)
..\user\main.c(359): warning:  #177-D: function "show_calc_page" was declared but never referenced
  static void show_calc_page(void)
..\user\main.c(352): warning:  #177-D: function "show_gyro_page" was declared but never referenced
  static void show_gyro_page(void)
..\user\main.c: 6 warnings, 0 errors
compiling timers.c...
compiling port.c...
compiling queue.c...
compiling tasks.c...
linking...
Program Size: Code=25334 RO-data=2994 RW-data=9432 ZI-data=8072  
".\Objects\test.axf" - 0 Error(s), 14 Warning(s).

<h2>Collection of Component include folders:</h2>
  C:\Users\86193\OneDrive\×ÀÃæ\stm32\xm_v1.5\project\RTE
  E:\ES\Keil520\ARM\PACK\Keil\STM32F1xx_DFP\1.1.0\Device\Include

<h2>Collection of Component Files used:</h2>
Build Time Elapsed:  00:00:03
</pre>
</body>
</html>
